Archive member included to satisfy reference by file (symbol)

FreeRTOS-Kernel/libfreertos_kernel.a(tasks.c.obj)
                              CMakeFiles/RtosPico.dir/RtosPico.c.obj (xTaskCreate)
FreeRTOS-Kernel/libfreertos_kernel.a(timers.c.obj)
                              FreeRTOS-Kernel/libfreertos_kernel.a(tasks.c.obj) (xTimerCreateTimerTask)
FreeRTOS-Kernel/libfreertos_kernel.a(heap_4.c.obj)
                              FreeRTOS-Kernel/libfreertos_kernel.a(tasks.c.obj) (pvPortMalloc)
FreeRTOS-Kernel/libfreertos_kernel.a(list.c.obj)
                              FreeRTOS-Kernel/libfreertos_kernel.a(tasks.c.obj) (vListInitialise)
FreeRTOS-Kernel/libfreertos_kernel.a(queue.c.obj)
                              FreeRTOS-Kernel/libfreertos_kernel.a(timers.c.obj) (xQueueGenericCreate)
FreeRTOS-Kernel/portable/libfreertos_kernel_port.a(port.c.obj)
                              FreeRTOS-Kernel/libfreertos_kernel.a(tasks.c.obj) (pxPortInitialiseStack)
FreeRTOS-Kernel/portable/libfreertos_kernel_port.a(exception.c.obj)
                              FreeRTOS-Kernel/portable/libfreertos_kernel_port.a(port.c.obj) (exception_set_exclusive_handler)
FreeRTOS-Kernel/libfreertos_kernel.a(event_groups.c.obj)
                              FreeRTOS-Kernel/portable/libfreertos_kernel_port.a(port.c.obj) (xEventGroupCreate)
/usr/lib/gcc/arm-none-eabi/12.2.1/thumb/v6-m/nofp/libgcc.a(_dvmd_tls.o)
                              CMakeFiles/RtosPico.dir/home/wjl/pico/pico-sdk/src/rp2_common/pico_divider/divider.S.obj (__aeabi_idiv0)
/usr/lib/gcc/arm-none-eabi/12.2.1/../../../arm-none-eabi/lib/thumb/v6-m/nofp/libg.a(lib_a-atexit.o)
                              /usr/lib/gcc/arm-none-eabi/12.2.1/../../../arm-none-eabi/lib/thumb/v6-m/nofp/crt0.o (atexit)
/usr/lib/gcc/arm-none-eabi/12.2.1/../../../arm-none-eabi/lib/thumb/v6-m/nofp/libg.a(lib_a-calloc.o)
                              CMakeFiles/RtosPico.dir/home/wjl/pico/pico-sdk/src/rp2_common/pico_malloc/pico_malloc.c.obj (calloc)
/usr/lib/gcc/arm-none-eabi/12.2.1/../../../arm-none-eabi/lib/thumb/v6-m/nofp/libg.a(lib_a-callocr.o)
                              /usr/lib/gcc/arm-none-eabi/12.2.1/../../../arm-none-eabi/lib/thumb/v6-m/nofp/libg.a(lib_a-calloc.o) (_calloc_r)
/usr/lib/gcc/arm-none-eabi/12.2.1/../../../arm-none-eabi/lib/thumb/v6-m/nofp/libg.a(lib_a-fini.o)
                              /usr/lib/gcc/arm-none-eabi/12.2.1/../../../arm-none-eabi/lib/thumb/v6-m/nofp/crt0.o (__libc_fini_array)
/usr/lib/gcc/arm-none-eabi/12.2.1/../../../arm-none-eabi/lib/thumb/v6-m/nofp/libg.a(lib_a-impure.o)
                              /usr/lib/gcc/arm-none-eabi/12.2.1/../../../arm-none-eabi/lib/thumb/v6-m/nofp/libg.a(lib_a-calloc.o) (_impure_ptr)
/usr/lib/gcc/arm-none-eabi/12.2.1/../../../arm-none-eabi/lib/thumb/v6-m/nofp/libg.a(lib_a-init.o)
                              /usr/lib/gcc/arm-none-eabi/12.2.1/../../../arm-none-eabi/lib/thumb/v6-m/nofp/crt0.o (__libc_init_array)
/usr/lib/gcc/arm-none-eabi/12.2.1/../../../arm-none-eabi/lib/thumb/v6-m/nofp/libg.a(lib_a-malloc.o)
                              CMakeFiles/RtosPico.dir/home/wjl/pico/pico-sdk/src/rp2_common/pico_malloc/pico_malloc.c.obj (malloc)
/usr/lib/gcc/arm-none-eabi/12.2.1/../../../arm-none-eabi/lib/thumb/v6-m/nofp/libg.a(lib_a-mallocr.o)
                              /usr/lib/gcc/arm-none-eabi/12.2.1/../../../arm-none-eabi/lib/thumb/v6-m/nofp/libg.a(lib_a-callocr.o) (_malloc_r)
/usr/lib/gcc/arm-none-eabi/12.2.1/../../../arm-none-eabi/lib/thumb/v6-m/nofp/libg.a(lib_a-mlock.o)
                              /usr/lib/gcc/arm-none-eabi/12.2.1/../../../arm-none-eabi/lib/thumb/v6-m/nofp/libg.a(lib_a-mallocr.o) (__malloc_lock)
/usr/lib/gcc/arm-none-eabi/12.2.1/../../../arm-none-eabi/lib/thumb/v6-m/nofp/libg.a(lib_a-realloc.o)
                              CMakeFiles/RtosPico.dir/home/wjl/pico/pico-sdk/src/rp2_common/pico_malloc/pico_malloc.c.obj (realloc)
/usr/lib/gcc/arm-none-eabi/12.2.1/../../../arm-none-eabi/lib/thumb/v6-m/nofp/libg.a(lib_a-reallocr.o)
                              /usr/lib/gcc/arm-none-eabi/12.2.1/../../../arm-none-eabi/lib/thumb/v6-m/nofp/libg.a(lib_a-realloc.o) (_realloc_r)
/usr/lib/gcc/arm-none-eabi/12.2.1/../../../arm-none-eabi/lib/thumb/v6-m/nofp/libg.a(lib_a-sbrkr.o)
                              /usr/lib/gcc/arm-none-eabi/12.2.1/../../../arm-none-eabi/lib/thumb/v6-m/nofp/libg.a(lib_a-mallocr.o) (_sbrk_r)
/usr/lib/gcc/arm-none-eabi/12.2.1/../../../arm-none-eabi/lib/thumb/v6-m/nofp/libg.a(lib_a-strlen-stub.o)
                              CMakeFiles/RtosPico.dir/home/wjl/pico/pico-sdk/src/rp2_common/pico_stdio/stdio.c.obj (strlen)
/usr/lib/gcc/arm-none-eabi/12.2.1/../../../arm-none-eabi/lib/thumb/v6-m/nofp/libg.a(lib_a-__atexit.o)
                              /usr/lib/gcc/arm-none-eabi/12.2.1/../../../arm-none-eabi/lib/thumb/v6-m/nofp/libg.a(lib_a-atexit.o) (__register_exitproc)
/usr/lib/gcc/arm-none-eabi/12.2.1/../../../arm-none-eabi/lib/thumb/v6-m/nofp/libg.a(lib_a-freer.o)
[...]
Memory Configuration

Name             Origin             Length             Attributes
FLASH            0x10000000         0x00200000         xr
RAM              0x20000000         0x00040000         xrw
SCRATCH_X        0x20040000         0x00001000         xrw
SCRATCH_Y        0x20041000         0x00001000         xrw
*default*        0x00000000         0xffffffff

Linker script and memory map

LOAD /usr/lib/gcc/arm-none-eabi/12.2.1/thumb/v6-m/nofp/crti.o
LOAD /usr/lib/gcc/arm-none-eabi/12.2.1/thumb/v6-m/nofp/crtbegin.o
LOAD /usr/lib/gcc/arm-none-eabi/12.2.1/../../../arm-none-eabi/lib/thumb/v6-m/nofp/crt0.o

.flash_begin    0x10000000        0x0
                0x10000000                        __flash_binary_start = .

.boot2          0x10000000      0x100
                0x10000000                        __boot2_start__ = .
 *(.boot2)
 .boot2         0x10000000      0x100 /tmp/ccJ6b7jD.o
                0x10000100                        __boot2_end__ = .
                0x00000001                        ASSERT (((__boot2_end__ - __boot2_start__) == 0x100), ERROR: Pico second stage bootloader must be 256 bytes in size)

.text           0x10000100     0x6ea8
                0x10000100                        __logical_binary_start = .
 *(.vectors)
 .vectors       0x10000100       0xd4 CMakeFiles/RtosPico.dir/home/wjl/pico/pico-sdk/src/rp2_common/pico_standard_link/crt0.S.obj
                0x10000100                __vectors
                0x10000100                __VECTOR_TABLE
                0x100001c0                isr_invalid
                0x100001c0                __default_isrs_start
                0x100001c2                isr_nmi
                0x100001c4                isr_hardfault
                0x100001cc                isr_irq30
                0x100001cc                __unhandled_user_irq
                0x100001cc                isr_irq13
                0x100001cc                isr_irq27
                0x100001cc                isr_irq31
                0x100001cc                isr_irq5
                0x100001cc                isr_irq11
                0x100001cc                isr_irq23
                0x100001cc                isr_irq18
                0x100001cc                isr_irq28
                0x100001cc                isr_irq19
                0x100001cc                isr_irq0
                0x100001cc                isr_irq6
                0x100001cc                isr_irq22
                0x100001cc                isr_irq17
                0x100001cc                isr_irq14
                0x100001cc                isr_irq2
                0x100001cc                isr_irq10
                0x100001cc                isr_irq8
                0x100001cc                isr_irq24
                0x100001cc                isr_irq1
                0x100001cc                isr_irq7
                0x100001cc                isr_irq21
                0x100001cc                isr_irq20
                0x100001cc                isr_irq15
                0x100001cc                isr_irq25
                0x100001cc                isr_irq4
                0x100001cc                isr_irq16
                0x100001cc                isr_irq29
                0x100001cc                isr_irq26
                0x100001cc                __default_isrs_end
                0x100001cc                isr_irq3
                0x100001cc                isr_irq12
                0x100001cc                isr_irq9
                0x100001d2                unhandled_user_irq_num_in_r0
 *(.binary_info_header)
 .binary_info_header
                0x100001d4       0x14 CMakeFiles/RtosPico.dir/home/wjl/pico/pico-sdk/src/rp2_common/pico_standard_link/crt0.S.obj
                0x100001e8                        __binary_info_header_end = .
 *(.reset)
 .reset         0x100001e8       0xa0 CMakeFiles/RtosPico.dir/home/wjl/pico/pico-sdk/src/rp2_common/pico_standard_link/crt0.S.obj
                0x100001e8                _entry_point
 .reset         0x10000288       0x30 CMakeFiles/RtosPico.dir/home/wjl/pico/pico-sdk/src/rp2_common/pico_standard_link/binary_info.c.obj
 *(.init)
 .init          0x100002b8        0x4 /usr/lib/gcc/arm-none-eabi/12.2.1/thumb/v6-m/nofp/crti.o
                0x100002b8                _init
 *(EXCLUDE_FILE(*libm.a: *libc.a:*lib_a-mem*.o *libgcc.a:) .text*)
 .text          0x100002bc       0x98 /usr/lib/gcc/arm-none-eabi/12.2.1/thumb/v6-m/nofp/crtbegin.o
 .text.app2     0x10000354       0x2c CMakeFiles/RtosPico.dir/RtosPico.c.obj
 .text.app1     0x10000380       0x2c CMakeFiles/RtosPico.dir/RtosPico.c.obj
 .text.main     0x100003ac       0x44 CMakeFiles/RtosPico.dir/RtosPico.c.obj
                0x100003ac                main
 .text.gpio_set_function
                0x100003f0       0x30 CMakeFiles/RtosPico.dir/home/wjl/pico/pico-sdk/src/rp2_common/hardware_gpio/gpio.c.obj
                0x100003f0                gpio_set_function
 .text.gpio_init
                0x10000420       0x16 CMakeFiles/RtosPico.dir/home/wjl/pico/pico-sdk/src/rp2_common/hardware_gpio/gpio.c.obj
                0x10000420                gpio_init
 *fill*         0x10000436        0x2 
 .text.running_on_fpga
                0x10000438       0x14 CMakeFiles/RtosPico.dir/home/wjl/pico/pico-sdk/src/rp2_common/pico_platform/platform.c.obj
                0x10000438                running_on_fpga
 .text.hw_claim_lock
                0x1000044c       0x18 CMakeFiles/RtosPico.dir/home/wjl/pico/pico-sdk/src/rp2_common/hardware_claim/claim.c.obj
                0x1000044c                hw_claim_lock
 .text.hw_claim_unlock
                0x10000464       0x14 CMakeFiles/RtosPico.dir/home/wjl/pico/pico-sdk/src/rp2_common/hardware_claim/claim.c.obj
                0x10000464                hw_claim_unlock
 .text.hw_claim_or_assert
                0x10000478       0x32 CMakeFiles/RtosPico.dir/home/wjl/pico/pico-sdk/src/rp2_common/hardware_claim/claim.c.obj
                0x10000478                hw_claim_or_assert
 *fill*         0x100004aa        0x2 
 .text.spin_locks_reset
                0x100004ac       0x20 CMakeFiles/RtosPico.dir/home/wjl/pico/pico-sdk/src/rp2_common/hardware_sync/sync.c.obj
                0x100004ac                spin_locks_reset
 .text.next_striped_spin_lock_num
                0x100004cc       0x1c CMakeFiles/RtosPico.dir/home/wjl/pico/pico-sdk/src/rp2_common/hardware_sync/sync.c.obj
                0x100004cc                next_striped_spin_lock_num
 .text.set_raw_irq_handler_and_unlock
                0x100004e8       0x28 CMakeFiles/RtosPico.dir/home/wjl/pico/pico-sdk/src/rp2_common/hardware_irq/irq.c.obj
 .text.resolve_branch
                0x10000510       0x30 CMakeFiles/RtosPico.dir/home/wjl/pico/pico-sdk/src/rp2_common/hardware_irq/irq.c.obj
 .text.make_branch
                0x10000540       0x48 CMakeFiles/RtosPico.dir/home/wjl/pico/pico-sdk/src/rp2_common/hardware_irq/irq.c.obj
 .text.insert_branch_and_link
                0x10000588       0x40 CMakeFiles/RtosPico.dir/home/wjl/pico/pico-sdk/src/rp2_common/hardware_irq/irq.c.obj
 .text.irq_is_enabled
                0x100005c8       0x18 CMakeFiles/RtosPico.dir/home/wjl/pico/pico-sdk/src/rp2_common/hardware_irq/irq.c.obj
                0x100005c8                irq_is_enabled
 .text.irq_set_mask_enabled
                0x100005e0       0x20 CMakeFiles/RtosPico.dir/home/wjl/pico/pico-sdk/src/rp2_common/hardware_irq/irq.c.obj
                0x100005e0                irq_set_mask_enabled
 .text.irq_set_enabled
                0x10000600        0xe CMakeFiles/RtosPico.dir/home/wjl/pico/pico-sdk/src/rp2_common/hardware_irq/irq.c.obj
                0x10000600                irq_set_enabled
 *fill*         0x1000060e        0x2 
 .text.irq_get_vtable_handler
                0x10000610       0x10 CMakeFiles/RtosPico.dir/home/wjl/pico/pico-sdk/src/rp2_common/hardware_irq/irq.c.obj
                0x10000610                irq_get_vtable_handler
 .text.irq_set_exclusive_handler
                0x10000620       0x54 CMakeFiles/RtosPico.dir/home/wjl/pico/pico-sdk/src/rp2_common/hardware_irq/irq.c.obj
                0x10000620                irq_set_exclusive_handler
 .text.irq_remove_handler
                0x10000674      0x188 CMakeFiles/RtosPico.dir/home/wjl/pico/pico-sdk/src/rp2_common/hardware_irq/irq.c.obj
                0x10000674                irq_remove_handler
 .text.irq_add_tail_to_free_list
                0x100007fc       0xf0 CMakeFiles/RtosPico.dir/home/wjl/pico/pico-sdk/src/rp2_common/hardware_irq/irq.c.obj
                0x100007fc                irq_add_tail_to_free_list
 .text.irq_init_priorities
                0x100008ec       0x1c CMakeFiles/RtosPico.dir/home/wjl/pico/pico-sdk/src/rp2_common/hardware_irq/irq.c.obj
                0x100008ec                irq_init_priorities
 .text.lock_init
                0x10000908       0x10 CMakeFiles/RtosPico.dir/home/wjl/pico/pico-sdk/src/common/pico_sync/lock_core.c.obj
                0x10000908                lock_init
 .text.mutex_init
                0x10000918       0x1a CMakeFiles/RtosPico.dir/home/wjl/pico/pico-sdk/src/common/pico_sync/mutex.c.obj
                0x10000918                mutex_init
 .text.recursive_mutex_init
                0x10000932       0x1e CMakeFiles/RtosPico.dir/home/wjl/pico/pico-sdk/src/common/pico_sync/mutex.c.obj
                0x10000932                recursive_mutex_init
 .text.time_reached
                0x10000950       0x28 CMakeFiles/RtosPico.dir/home/wjl/pico/pico-sdk/src/common/pico_time/time.c.obj
 .text.get_entry
                0x10000978       0x38 CMakeFiles/RtosPico.dir/home/wjl/pico/pico-sdk/src/common/pico_time/time.c.obj
 .text.timer_pool_entry_comparator
                0x100009b0       0x2e CMakeFiles/RtosPico.dir/home/wjl/pico/pico-sdk/src/common/pico_time/time.c.obj
                0x100009b0                timer_pool_entry_comparator
 *fill*         0x100009de        0x2 
 .text.update_us_since_boot
                0x100009e0       0x24 CMakeFiles/RtosPico.dir/home/wjl/pico/pico-sdk/src/common/pico_time/time.c.obj
 .text.delayed_by_us
                0x10000a04       0x34 CMakeFiles/RtosPico.dir/home/wjl/pico/pico-sdk/src/common/pico_time/time.c.obj
 .text.ph_get_node
                0x10000a38       0x30 CMakeFiles/RtosPico.dir/home/wjl/pico/pico-sdk/src/common/pico_time/time.c.obj
 .text.ph_contains_node
                0x10000a68       0x1e CMakeFiles/RtosPico.dir/home/wjl/pico/pico-sdk/src/common/pico_time/time.c.obj
 .text.ph_new_node
                0x10000a86       0x28 CMakeFiles/RtosPico.dir/home/wjl/pico/pico-sdk/src/common/pico_time/time.c.obj
 *fill*         0x10000aae        0x2 
 .text.ph_add_child_node
                0x10000ab0       0x6c CMakeFiles/RtosPico.dir/home/wjl/pico/pico-sdk/src/common/pico_time/time.c.obj
 .text.ph_merge_nodes
                0x10000b1c       0x3e CMakeFiles/RtosPico.dir/home/wjl/pico/pico-sdk/src/common/pico_time/time.c.obj
 *fill*         0x10000b5a        0x2 
 .text.ph_insert_node
                0x10000b5c       0x3c CMakeFiles/RtosPico.dir/home/wjl/pico/pico-sdk/src/common/pico_time/time.c.obj
 .text.ph_free_node
                0x10000b98       0x5c CMakeFiles/RtosPico.dir/home/wjl/pico/pico-sdk/src/common/pico_time/time.c.obj
 .text.get_entry_id_high
                0x10000bf4       0x30 CMakeFiles/RtosPico.dir/home/wjl/pico/pico-sdk/src/common/pico_time/time.c.obj
 .text.alarm_pool_post_alloc_init
                0x10000c24       0x40 CMakeFiles/RtosPico.dir/home/wjl/pico/pico-sdk/src/common/pico_time/time.c.obj
 .text.sleep_until_callback
                0x10000c64       0x30 CMakeFiles/RtosPico.dir/home/wjl/pico/pico-sdk/src/common/pico_time/time.c.obj
 .text.get_absolute_time
                0x10000c94       0x22 CMakeFiles/RtosPico.dir/home/wjl/pico/pico-sdk/src/common/pico_time/time.c.obj
 *fill*         0x10000cb6        0x2 
 .text.add_alarm_under_lock
                0x10000cb8       0x94 CMakeFiles/RtosPico.dir/home/wjl/pico/pico-sdk/src/common/pico_time/time.c.obj
 .text.alarm_pool_alarm_callback
                0x10000d4c      0x210 CMakeFiles/RtosPico.dir/home/wjl/pico/pico-sdk/src/common/pico_time/time.c.obj
 .text.alarm_pool_init_default
                0x10000f5c       0x40 CMakeFiles/RtosPico.dir/home/wjl/pico/pico-sdk/src/common/pico_time/time.c.obj
                0x10000f5c                alarm_pool_init_default
 .text.alarm_pool_get_default
                0x10000f9c       0x2c CMakeFiles/RtosPico.dir/home/wjl/pico/pico-sdk/src/common/pico_time/time.c.obj
                0x10000f9c                alarm_pool_get_default
 .text.alarm_pool_add_alarm_at
                0x10000fc8      0x10e CMakeFiles/RtosPico.dir/home/wjl/pico/pico-sdk/src/common/pico_time/time.c.obj
                0x10000fc8                alarm_pool_add_alarm_at
 .text.add_alarm_at
                0x100010d6       0x2e CMakeFiles/RtosPico.dir/home/wjl/pico/pico-sdk/src/common/pico_time/time.c.obj
 .text.alarm_pool_cancel_alarm
                0x10001104       0xa8 CMakeFiles/RtosPico.dir/home/wjl/pico/pico-sdk/src/common/pico_time/time.c.obj
                0x10001104                alarm_pool_cancel_alarm
 .text.cancel_alarm
                0x100011ac       0x10 CMakeFiles/RtosPico.dir/home/wjl/pico/pico-sdk/src/common/pico_time/time.c.obj
 .text.best_effort_wfe_or_timeout
                0x100011bc       0x44 CMakeFiles/RtosPico.dir/home/wjl/pico/pico-sdk/src/common/pico_time/time.c.obj
                0x100011bc                best_effort_wfe_or_timeout
 .text.update_us_since_boot
                0x10001200       0x24 CMakeFiles/RtosPico.dir/home/wjl/pico/pico-sdk/src/rp2_common/hardware_timer/timer.c.obj
 .text.hardware_alarm_irq_handler
                0x10001224       0x8c CMakeFiles/RtosPico.dir/home/wjl/pico/pico-sdk/src/rp2_common/hardware_timer/timer.c.obj
 .text.hardware_alarm_claim
                0x100012b0       0x18 CMakeFiles/RtosPico.dir/home/wjl/pico/pico-sdk/src/rp2_common/hardware_timer/timer.c.obj
                0x100012b0                hardware_alarm_claim
 .text.time_us_64
                0x100012c8       0x18 CMakeFiles/RtosPico.dir/home/wjl/pico/pico-sdk/src/rp2_common/hardware_timer/timer.c.obj
                0x100012c8                time_us_64
 .text.busy_wait_until
                0x100012e0       0x28 CMakeFiles/RtosPico.dir/home/wjl/pico/pico-sdk/src/rp2_common/hardware_timer/timer.c.obj
                0x100012e0                busy_wait_until
 .text.busy_wait_us
                0x10001308       0x3a CMakeFiles/RtosPico.dir/home/wjl/pico/pico-sdk/src/rp2_common/hardware_timer/timer.c.obj
                0x10001308                busy_wait_us
 *fill*         0x10001342        0x2 
 .text.hardware_alarm_set_callback
                0x10001344       0x90 CMakeFiles/RtosPico.dir/home/wjl/pico/pico-sdk/src/rp2_common/hardware_timer/timer.c.obj
                0x10001344                hardware_alarm_set_callback
 .text.hardware_alarm_set_target
                0x100013d4       0xe8 CMakeFiles/RtosPico.dir/home/wjl/pico/pico-sdk/src/rp2_common/hardware_timer/timer.c.obj
                0x100013d4                hardware_alarm_set_target
 .text.hardware_alarm_cancel
                0x100014bc       0x40 CMakeFiles/RtosPico.dir/home/wjl/pico/pico-sdk/src/rp2_common/hardware_timer/timer.c.obj
                0x100014bc                hardware_alarm_cancel
 .text.ph_get_node
                0x100014fc       0x30 CMakeFiles/RtosPico.dir/home/wjl/pico/pico-sdk/src/common/pico_util/pheap.c.obj
 .text.ph_add_child_node
                0x1000152c       0x6c CMakeFiles/RtosPico.dir/home/wjl/pico/pico-sdk/src/common/pico_util/pheap.c.obj
 .text.ph_merge_nodes
                0x10001598       0x3e CMakeFiles/RtosPico.dir/home/wjl/pico/pico-sdk/src/common/pico_util/pheap.c.obj
 .text.ph_clear
                0x100015d6       0x34 CMakeFiles/RtosPico.dir/home/wjl/pico/pico-sdk/src/common/pico_util/pheap.c.obj
                0x100015d6                ph_clear
 .text.ph_post_alloc_init
                0x1000160a        0xe CMakeFiles/RtosPico.dir/home/wjl/pico/pico-sdk/src/common/pico_util/pheap.c.obj
                0x1000160a                ph_post_alloc_init
 .text.ph_merge_two_pass
                0x10001618       0x5c CMakeFiles/RtosPico.dir/home/wjl/pico/pico-sdk/src/common/pico_util/pheap.c.obj
                0x10001618                ph_merge_two_pass
 .text.ph_remove_any_head
                0x10001674       0xc0 CMakeFiles/RtosPico.dir/home/wjl/pico/pico-sdk/src/common/pico_util/pheap.c.obj
 .text.ph_remove_head
                0x10001734       0x14 CMakeFiles/RtosPico.dir/home/wjl/pico/pico-sdk/src/common/pico_util/pheap.c.obj
                0x10001734                ph_remove_head
 .text.ph_remove_and_free_node
                0x10001748       0xa0 CMakeFiles/RtosPico.dir/home/wjl/pico/pico-sdk/src/common/pico_util/pheap.c.obj
                0x10001748                ph_remove_and_free_node
 .text.uart_disable_before_lcr_write
                0x100017e8       0x48 CMakeFiles/RtosPico.dir/home/wjl/pico/pico-sdk/src/rp2_common/hardware_uart/uart.c.obj
 .text.uart_write_lcr_bits_masked
                0x10001830       0x22 CMakeFiles/RtosPico.dir/home/wjl/pico/pico-sdk/src/rp2_common/hardware_uart/uart.c.obj
 *fill*         0x10001852        0x2 
 .text.uart_set_baudrate
                0x10001854       0x5c CMakeFiles/RtosPico.dir/home/wjl/pico/pico-sdk/src/rp2_common/hardware_uart/uart.c.obj
                0x10001854                uart_set_baudrate
 .text.uart_set_format
                0x100018b0       0x2c CMakeFiles/RtosPico.dir/home/wjl/pico/pico-sdk/src/rp2_common/hardware_uart/uart.c.obj
                0x100018b0                uart_set_format
 .text.uart_set_translate_crlf
                0x100018dc       0x28 CMakeFiles/RtosPico.dir/home/wjl/pico/pico-sdk/src/rp2_common/hardware_uart/uart.c.obj
                0x100018dc                uart_set_translate_crlf
 .text.uart_init
                0x10001904       0x80 CMakeFiles/RtosPico.dir/home/wjl/pico/pico-sdk/src/rp2_common/hardware_uart/uart.c.obj
                0x10001904                uart_init
 .text.clock_configure
                0x10001984      0x108 CMakeFiles/RtosPico.dir/home/wjl/pico/pico-sdk/src/rp2_common/hardware_clocks/clocks.c.obj
                0x10001984                clock_configure
 .text.clocks_init
                0x10001a8c      0x100 CMakeFiles/RtosPico.dir/home/wjl/pico/pico-sdk/src/rp2_common/hardware_clocks/clocks.c.obj
                0x10001a8c                clocks_init
 .text.clock_get_hz
                0x10001b8c        0xc CMakeFiles/RtosPico.dir/home/wjl/pico/pico-sdk/src/rp2_common/hardware_clocks/clocks.c.obj
                0x10001b8c                clock_get_hz
 .text.pll_init
                0x10001b98      0x120 CMakeFiles/RtosPico.dir/home/wjl/pico/pico-sdk/src/rp2_common/hardware_pll/pll.c.obj
                0x10001b98                pll_init
 .text.watchdog_start_tick
                0x10001cb8       0x10 CMakeFiles/RtosPico.dir/home/wjl/pico/pico-sdk/src/rp2_common/hardware_watchdog/watchdog.c.obj
                0x10001cb8                watchdog_start_tick
 .text.xosc_init
                0x10001cc8       0x28 CMakeFiles/RtosPico.dir/home/wjl/pico/pico-sdk/src/rp2_common/hardware_xosc/xosc.c.obj
                0x10001cc8                xosc_init
 .text._exit    0x10001cf0        0x4 CMakeFiles/RtosPico.dir/home/wjl/pico/pico-sdk/src/rp2_common/pico_runtime/runtime.c.obj
                0x10001cf0                _exit
 .text.exit     0x10001cf4        0x6 CMakeFiles/RtosPico.dir/home/wjl/pico/pico-sdk/src/rp2_common/pico_runtime/runtime.c.obj
                0x10001cf4                exit
 *fill*         0x10001cfa        0x2 
 .text.__assert_func
                0x10001cfc       0x38 CMakeFiles/RtosPico.dir/home/wjl/pico/pico-sdk/src/rp2_common/pico_runtime/runtime.c.obj
                0x10001cfc                __assert_func
 .text.runtime_init
                0x10001d34       0xf8 CMakeFiles/RtosPico.dir/home/wjl/pico/pico-sdk/src/rp2_common/pico_runtime/runtime.c.obj
                0x10001d34                runtime_init
 .text.panic    0x10001e2c       0x30 CMakeFiles/RtosPico.dir/home/wjl/pico/pico-sdk/src/rp2_common/pico_runtime/runtime.c.obj
                0x10001e2c                panic
 .text.panic_unsupported
                0x10001e5c        0xc CMakeFiles/RtosPico.dir/home/wjl/pico/pico-sdk/src/rp2_common/pico_runtime/runtime.c.obj
                0x10001e5c                panic_unsupported
 .text._out_null
                0x10001e68        0x2 CMakeFiles/RtosPico.dir/home/wjl/pico/pico-sdk/src/rp2_common/pico_printf/printf.c.obj
 .text._out_fct
                0x10001e6a        0xe CMakeFiles/RtosPico.dir/home/wjl/pico/pico-sdk/src/rp2_common/pico_printf/printf.c.obj
 .text._atoi    0x10001e78       0x24 CMakeFiles/RtosPico.dir/home/wjl/pico/pico-sdk/src/rp2_common/pico_printf/printf.c.obj
 .text._out_rev
                0x10001e9c       0xae CMakeFiles/RtosPico.dir/home/wjl/pico/pico-sdk/src/rp2_common/pico_printf/printf.c.obj
 .text._ntoa_format
                0x10001f4a      0x110 CMakeFiles/RtosPico.dir/home/wjl/pico/pico-sdk/src/rp2_common/pico_printf/printf.c.obj
 .text._ntoa_long
                0x1000205a       0xbc CMakeFiles/RtosPico.dir/home/wjl/pico/pico-sdk/src/rp2_common/pico_printf/printf.c.obj
 .text._ntoa_long_long
                0x10002116      0x10e CMakeFiles/RtosPico.dir/home/wjl/pico/pico-sdk/src/rp2_common/pico_printf/printf.c.obj
 .text._etoa    0x10002224      0x420 CMakeFiles/RtosPico.dir/home/wjl/pico/pico-sdk/src/rp2_common/pico_printf/printf.c.obj
 .text._ftoa    0x10002644      0x354 CMakeFiles/RtosPico.dir/home/wjl/pico/pico-sdk/src/rp2_common/pico_printf/printf.c.obj
 .text._vsnprintf
                0x10002998      0x65c CMakeFiles/RtosPico.dir/home/wjl/pico/pico-sdk/src/rp2_common/pico_printf/printf.c.obj
 .text.vfctprintf
                0x10002ff4       0x20 CMakeFiles/RtosPico.dir/home/wjl/pico/pico-sdk/src/rp2_common/pico_printf/printf.c.obj
                0x10002ff4                vfctprintf
 .text          0x10003014       0x10 CMakeFiles/RtosPico.dir/home/wjl/pico/pico-sdk/src/rp2_common/pico_bit_ops/bit_ops_aeabi.S.obj
 .text.rom_func_lookup
                0x10003024       0x10 CMakeFiles/RtosPico.dir/home/wjl/pico/pico-sdk/src/rp2_common/pico_bootrom/bootrom.c.obj
                0x10003024                rom_func_lookup
 .text.rom_data_lookup
                0x10003034       0x10 CMakeFiles/RtosPico.dir/home/wjl/pico/pico-sdk/src/rp2_common/pico_bootrom/bootrom.c.obj
                0x10003034                rom_data_lookup
 .text.rom_funcs_lookup
                0x10003044       0x36 CMakeFiles/RtosPico.dir/home/wjl/pico/pico-sdk/src/rp2_common/pico_bootrom/bootrom.c.obj
                0x10003044                rom_funcs_lookup
 *fill*         0x1000307a        0x2 
 .text.__wrap___aeabi_idiv
                0x1000307c       0x50 CMakeFiles/RtosPico.dir/home/wjl/pico/pico-sdk/src/rp2_common/pico_divider/divider.S.obj
                0x1000307c                __wrap___aeabi_idivmod
                0x1000307c                divmod_s32s32
                0x1000307c                div_s32s32
                0x1000307c                __wrap___aeabi_idiv
                0x10003084                divmod_s32s32_unsafe
                0x100030b0                divmod_s32s32_savestate
 .text.__wrap___aeabi_uidiv
                0x100030cc       0x4c CMakeFiles/RtosPico.dir/home/wjl/pico/pico-sdk/src/rp2_common/pico_divider/divider.S.obj
                0x100030cc                __wrap___aeabi_uidiv
                0x100030cc                __wrap___aeabi_uidivmod
                0x100030cc                div_u32u32
                0x100030cc                divmod_u32u32
                0x100030d4                divmod_u32u32_unsafe
                0x100030fc                divmod_u32u32_savestate
 .text.__wrap___aeabi_ldiv
                0x10003118      0x424 CMakeFiles/RtosPico.dir/home/wjl/pico/pico-sdk/src/rp2_common/pico_divider/divider.S.obj
                0x10003118                div_s64s64
                0x10003118                divmod_s64s64
                0x10003118                __wrap___aeabi_ldivmod
                0x10003148                div_u64u64
                0x10003148                divmod_u64u64
                0x10003148                __wrap___aeabi_uldivmod
                0x10003158                divmod_u64u64_savestate
                0x10003178                divmod_s64s64_unsafe
                0x10003200                divmod_u64u64_unsafe
 .text.__wrap___aeabi_darithmetic
                0x1000353c       0x80 CMakeFiles/RtosPico.dir/home/wjl/pico/pico-sdk/src/rp2_common/pico_double/double_aeabi.S.obj
                0x1000353c                __wrap___aeabi_drsub
                0x10003542                __wrap___aeabi_dsub
                0x10003554                __wrap___aeabi_dadd
                0x10003566                __wrap___aeabi_ddiv
                0x100035a2                __wrap___aeabi_dmul
 .text.__wrap___aeabi_cdcmple
                0x100035bc       0x6c CMakeFiles/RtosPico.dir/home/wjl/pico/pico-sdk/src/rp2_common/pico_double/double_aeabi.S.obj
                0x100035bc                __wrap___aeabi_cdrcmple
                0x100035cc                __wrap___aeabi_cdcmple
                0x100035cc                __wrap___aeabi_cdcmpeq
 .text.__wrap___aeabi_dcmplt
                0x10003628        0xc CMakeFiles/RtosPico.dir/home/wjl/pico/pico-sdk/src/rp2_common/pico_double/double_aeabi.S.obj
                0x10003628                __wrap___aeabi_dcmplt
 .text.__wrap___aeabi_dcmple
                0x10003634       0x10 CMakeFiles/RtosPico.dir/home/wjl/pico/pico-sdk/src/rp2_common/pico_double/double_aeabi.S.obj
                0x10003634                __wrap___aeabi_dcmple
 .text.__wrap___aeabi_dcmpge
                0x10003644       0x10 CMakeFiles/RtosPico.dir/home/wjl/pico/pico-sdk/src/rp2_common/pico_double/double_aeabi.S.obj
                0x10003644                __wrap___aeabi_dcmpge
 .text.__wrap___aeabi_dcmpgt
                0x10003654        0xa CMakeFiles/RtosPico.dir/home/wjl/pico/pico-sdk/src/rp2_common/pico_double/double_aeabi.S.obj
                0x10003654                __wrap___aeabi_dcmpgt
 .text.__wrap___aeabi_dcmpun
                0x1000365e       0x1c CMakeFiles/RtosPico.dir/home/wjl/pico/pico-sdk/src/rp2_common/pico_double/double_aeabi.S.obj
                0x1000365e                __wrap___aeabi_dcmpun
 *fill*         0x1000367a        0x2 
 .text.__wrap___aeabi_i2d
                0x1000367c       0x38 CMakeFiles/RtosPico.dir/home/wjl/pico/pico-sdk/src/rp2_common/pico_double/double_aeabi.S.obj
                0x1000367c                __wrap___aeabi_ui2d
                0x10003684                __wrap___aeabi_i2d
 .text.__wrap___aeabi_d2iz
                0x100036b4       0x48 CMakeFiles/RtosPico.dir/home/wjl/pico/pico-sdk/src/rp2_common/pico_double/double_aeabi.S.obj
                0x100036b4                __wrap___aeabi_d2iz
                0x100036b4                double2int_z
 .text.__wrap___aeabi_d2uiz
                0x100036fc       0x18 CMakeFiles/RtosPico.dir/home/wjl/pico/pico-sdk/src/rp2_common/pico_double/double_aeabi.S.obj
                0x100036fc                double2uint
                0x100036fc                __wrap___aeabi_d2uiz
 .text.__aeabi_double_init
                0x10003714       0xcc CMakeFiles/RtosPico.dir/home/wjl/pico/pico-sdk/src/rp2_common/pico_double/double_init_rom.c.obj
                0x10003714                __aeabi_double_init
 .text.double_table_shim_on_use_helper
                0x100037e0       0x34 CMakeFiles/RtosPico.dir/home/wjl/pico/pico-sdk/src/rp2_common/pico_double/double_v1_rom_shim.S.obj
                0x100037e0                double_table_shim_on_use_helper
 .text.__wrap___aeabi_dsub
                0x10003814       0x10 CMakeFiles/RtosPico.dir/home/wjl/pico/pico-sdk/src/rp2_common/pico_double/double_v1_rom_shim.S.obj
                0x10003814                drsub_shim
                0x1000381a                dsub_shim
 .text.dadd_shim
                0x10003824      0x15c CMakeFiles/RtosPico.dir/home/wjl/pico/pico-sdk/src/rp2_common/pico_double/double_v1_rom_shim.S.obj
                0x10003824                dadd_shim
 .text.dmul_shim
                0x10003980      0x15c CMakeFiles/RtosPico.dir/home/wjl/pico/pico-sdk/src/rp2_common/pico_double/double_v1_rom_shim.S.obj
                0x10003980                dmul_shim
 .text.ddiv_shim
                0x10003adc      0x1b0 CMakeFiles/RtosPico.dir/home/wjl/pico/pico-sdk/src/rp2_common/pico_double/double_v1_rom_shim.S.obj
                0x10003adc                ddiv_shim
 .text.double2uint_shim
                0x10003c8c        0xe CMakeFiles/RtosPico.dir/home/wjl/pico/pico-sdk/src/rp2_common/pico_double/double_v1_rom_shim.S.obj
                0x10003c8c                double2uint_shim
                0x10003c8e                double2ufix_shim
 *fill*         0x10003c9a        0x2 
 .text.double2uint64_shim
                0x10003c9c       0x70 CMakeFiles/RtosPico.dir/home/wjl/pico/pico-sdk/src/rp2_common/pico_double/double_v1_rom_shim.S.obj
                0x10003c9c                double2uint64_shim
                0x10003c9e                double2ufix64_shim
                0x10003cbe                d2fix_a
 .text.dunpacks
                0x10003d0c       0x3c CMakeFiles/RtosPico.dir/home/wjl/pico/pico-sdk/src/rp2_common/pico_double/double_v1_rom_shim.S.obj
                0x10003d0c                dunpacks
 .text.__aeabi_lmul
                0x10003d48       0x32 CMakeFiles/RtosPico.dir/home/wjl/pico/pico-sdk/src/rp2_common/pico_int64_ops/pico_int64_ops_aeabi.S.obj
                0x10003d48                __wrap___aeabi_lmul
 *fill*         0x10003d7a        0x2 
 .text.__aeabi_float_init
                0x10003d7c       0xfc CMakeFiles/RtosPico.dir/home/wjl/pico/pico-sdk/src/rp2_common/pico_float/float_init_rom.c.obj
                0x10003d7c                __aeabi_float_init
 .text.float_table_shim_on_use_helper
                0x10003e78       0x34 CMakeFiles/RtosPico.dir/home/wjl/pico/pico-sdk/src/rp2_common/pico_float/float_v1_rom_shim.S.obj
                0x10003e78                float_table_shim_on_use_helper
 .text          0x10003eac       0x10 CMakeFiles/RtosPico.dir/home/wjl/pico/pico-sdk/src/rp2_common/pico_mem_ops/mem_ops_aeabi.S.obj
                0x10003eac                __aeabi_mem_init
 .text.memset   0x10003ebc        0xc CMakeFiles/RtosPico.dir/home/wjl/pico/pico-sdk/src/rp2_common/pico_mem_ops/mem_ops_aeabi.S.obj
                0x10003ebc                __wrap_memset
 .text.memcpy   0x10003ec8        0xc CMakeFiles/RtosPico.dir/home/wjl/pico/pico-sdk/src/rp2_common/pico_mem_ops/mem_ops_aeabi.S.obj
                0x10003ec8                __wrap___aeabi_memcpy
                0x10003ec8                __wrap_memcpy
 .text.stdio_out_chars_no_crlf
                0x10003ed4        0xe CMakeFiles/RtosPico.dir/home/wjl/pico/pico-sdk/src/rp2_common/pico_stdio/stdio.c.obj
 *fill*         0x10003ee2        0x2 
 .text.stdio_out_chars_crlf
                0x10003ee4       0x80 CMakeFiles/RtosPico.dir/home/wjl/pico/pico-sdk/src/rp2_common/pico_stdio/stdio.c.obj
 .text.stdio_stack_buffer_flush
                0x10003f64       0x44 CMakeFiles/RtosPico.dir/home/wjl/pico/pico-sdk/src/rp2_common/pico_stdio/stdio.c.obj
 .text.stdio_buffered_printer
                0x10003fa8       0x20 CMakeFiles/RtosPico.dir/home/wjl/pico/pico-sdk/src/rp2_common/pico_stdio/stdio.c.obj
 .text.update_us_since_boot
                0x10003fc8       0x24 CMakeFiles/RtosPico.dir/home/wjl/pico/pico-sdk/src/rp2_common/pico_stdio/stdio.c.obj
 .text.get_absolute_time
                0x10003fec       0x22 CMakeFiles/RtosPico.dir/home/wjl/pico/pico-sdk/src/rp2_common/pico_stdio/stdio.c.obj
 *fill*         0x1000400e        0x2 
 .text.delayed_by_ms
                0x10004010       0x44 CMakeFiles/RtosPico.dir/home/wjl/pico/pico-sdk/src/rp2_common/pico_stdio/stdio.c.obj
 .text.make_timeout_time_ms
                0x10004054       0x20 CMakeFiles/RtosPico.dir/home/wjl/pico/pico-sdk/src/rp2_common/pico_stdio/stdio.c.obj
 .text.stdout_serialize_begin
                0x10004074       0x20 CMakeFiles/RtosPico.dir/home/wjl/pico/pico-sdk/src/rp2_common/pico_stdio/stdio.c.obj
                0x10004074                stdout_serialize_begin
 .text.stdout_serialize_end
                0x10004094       0x10 CMakeFiles/RtosPico.dir/home/wjl/pico/pico-sdk/src/rp2_common/pico_stdio/stdio.c.obj
                0x10004094                stdout_serialize_end
 .text.stdio_put_string
                0x100040a4       0x98 CMakeFiles/RtosPico.dir/home/wjl/pico/pico-sdk/src/rp2_common/pico_stdio/stdio.c.obj
 .text.stdio_set_driver_enabled
                0x1000413c       0x2c CMakeFiles/RtosPico.dir/home/wjl/pico/pico-sdk/src/rp2_common/pico_stdio/stdio.c.obj
                0x1000413c                stdio_set_driver_enabled
 .text.stdio_flush
                0x10004168       0x20 CMakeFiles/RtosPico.dir/home/wjl/pico/pico-sdk/src/rp2_common/pico_stdio/stdio.c.obj
                0x10004168                stdio_flush
 .text.__wrap_puts
                0x10004188       0x1e CMakeFiles/RtosPico.dir/home/wjl/pico/pico-sdk/src/rp2_common/pico_stdio/stdio.c.obj
                0x10004188                __wrap_puts
 *fill*         0x100041a6        0x2 
 .text.__wrap_vprintf
                0x100041a8       0x40 CMakeFiles/RtosPico.dir/home/wjl/pico/pico-sdk/src/rp2_common/pico_stdio/stdio.c.obj
                0x100041a8                __wrap_vprintf
 .text.__wrap_printf
                0x100041e8       0x18 CMakeFiles/RtosPico.dir/home/wjl/pico/pico-sdk/src/rp2_common/pico_stdio/stdio.c.obj
                0x100041e8                __wrap_printf
 .text.stdio_init_all
                0x10004200        0xa CMakeFiles/RtosPico.dir/home/wjl/pico/pico-sdk/src/rp2_common/pico_stdio/stdio.c.obj
                0x10004200                stdio_init_all
 *fill*         0x1000420a        0x2 
 .text.uart_putc
                0x1000420c       0x60 CMakeFiles/RtosPico.dir/home/wjl/pico/pico-sdk/src/rp2_common/pico_stdio_uart/stdio_uart.c.obj
 .text.uart_getc
                0x1000426c       0x24 CMakeFiles/RtosPico.dir/home/wjl/pico/pico-sdk/src/rp2_common/pico_stdio_uart/stdio_uart.c.obj
 .text.stdio_uart_out_chars
                0x10004290       0x20 CMakeFiles/RtosPico.dir/home/wjl/pico/pico-sdk/src/rp2_common/pico_stdio_uart/stdio_uart.c.obj
 .text.stdio_uart_in_chars
                0x100042b0       0x5c CMakeFiles/RtosPico.dir/home/wjl/pico/pico-sdk/src/rp2_common/pico_stdio_uart/stdio_uart.c.obj
                0x100042b0                stdio_uart_in_chars
 .text.on_uart_rx
                0x1000430c       0x28 CMakeFiles/RtosPico.dir/home/wjl/pico/pico-sdk/src/rp2_common/pico_stdio_uart/stdio_uart.c.obj
 .text.stdio_uart_set_chars_available_callback
                0x10004334       0x8c CMakeFiles/RtosPico.dir/home/wjl/pico/pico-sdk/src/rp2_common/pico_stdio_uart/stdio_uart.c.obj
 .text.stdio_uart_init_full
                0x100043c0       0x44 CMakeFiles/RtosPico.dir/home/wjl/pico/pico-sdk/src/rp2_common/pico_stdio_uart/stdio_uart.c.obj
                0x100043c0                stdio_uart_init_full
 .text.stdio_uart_init
                0x10004404       0x28 CMakeFiles/RtosPico.dir/home/wjl/pico/pico-sdk/src/rp2_common/pico_stdio_uart/stdio_uart.c.obj
                0x10004404                stdio_uart_init
 .text          0x1000442c     0x1264 FreeRTOS-Kernel/libfreertos_kernel.a(tasks.c.obj)
                0x100046ec                xTaskCreate
                0x1000474e                vTaskDelete
                0x100047d4                uxTaskPriorityGet
                0x100047f4                uxTaskPriorityGetFromISR
                0x10004814                vTaskPrioritySet
                0x100048e4                vTaskResume
                0x10004968                xTaskResumeFromISR
                0x10004a08                vTaskStartScheduler
                0x10004a68                vTaskEndScheduler
                0x10004a7c                vTaskSuspendAll
                0x10004a8c                xTaskGetTickCount
                0x10004a98                xTaskGetTickCountFromISR
                0x10004aa4                uxTaskGetNumberOfTasks
                0x10004ab0                pcTaskGetName
                0x10004ac4                xTaskIncrementTick
                0x10004bec                xTaskResumeAll
                0x10004d08                xTaskDelayUntil
                0x10004d68                vTaskDelay
                0x10004d88                xTaskCatchUpTicks
                0x10004dac                vTaskSwitchContext
                0x10004e24                vTaskSuspend
                0x10004ec8                vTaskPlaceOnEventList
                0x10004ee4                vTaskPlaceOnUnorderedEventList
                0x10004f24                vTaskPlaceOnEventListRestricted
                0x10004f64                xTaskRemoveFromEventList
                0x10005038                vTaskRemoveFromUnorderedEventList
                0x100050e4                vTaskSetTimeOutState
                0x10005100                vTaskInternalSetTimeOutState
                0x10005110                xTaskCheckForTimeOut
                0x10005168                vTaskMissedYield
                0x10005174                vTaskSetThreadLocalStoragePointer
                0x10005190                pvTaskGetThreadLocalStoragePointer
                0x100051b0                xTaskGetCurrentTaskHandle
                0x100051bc                xTaskGetSchedulerState
                0x100051dc                uxTaskResetEventItemValue
                0x100051f4                ulTaskGenericNotifyTake
                0x10005280                xTaskGenericNotifyWait
                0x10005320                xTaskGenericNotify
                0x1000541c                xTaskGenericNotifyFromISR
                0x10005550                vTaskGenericNotifyGiveFromISR
                0x10005628                xTaskGenericNotifyStateClear
                0x10005660                ulTaskGenericNotifyValueClear
 .text          0x10005690      0x4d4 FreeRTOS-Kernel/libfreertos_kernel.a(timers.c.obj)
                0x1000599e                xTimerCreateTimerTask
                0x100059dc                xTimerCreate
                0x10005a10                xTimerGenericCommand
                0x10005a68                xTimerGetTimerDaemonTaskHandle
                0x10005a74                xTimerGetPeriod
                0x10005a78                vTimerSetReloadMode
                0x10005aa2                xTimerGetReloadMode
                0x10005ac0                uxTimerGetReloadMode
                0x10005ac8                xTimerGetExpiryTime
                0x10005acc                pcTimerGetName
                0x10005ad0                xTimerIsTimerActive
                0x10005aee                pvTimerGetTimerID
                0x10005b00                vTimerSetTimerID
                0x10005b12                xTimerPendFunctionCallFromISR
                0x10005b3c                xTimerPendFunctionCall
 .text          0x10005b64      0x274 FreeRTOS-Kernel/libfreertos_kernel.a(heap_4.c.obj)
                0x10005bfc                pvPortMalloc
                0x10005cb4                vPortFree
                0x10005cf8                xPortGetFreeHeapSize
                0x10005d04                xPortGetMinimumEverFreeHeapSize
                0x10005d10                vPortInitialiseBlocks
                0x10005d12                pvPortCalloc
                0x10005d70                vPortGetHeapStats
 .text          0x10005dd8       0x86 FreeRTOS-Kernel/libfreertos_kernel.a(list.c.obj)
                0x10005dd8                vListInitialise
                0x10005dee                vListInitialiseItem
                0x10005df4                vListInsertEnd
                0x10005e0a                vListInsert
                0x10005e38                uxListRemove
 *fill*         0x10005e5e        0x2 
 .text          0x10005e60      0x90c FreeRTOS-Kernel/libfreertos_kernel.a(queue.c.obj)
                0x10005f8c                xQueueGenericReset
                0x10006060                xQueueGenericCreate
                0x100060de                xQueueGenericSend
                0x100061cc                xQueueGenericSendFromISR
                0x10006252                xQueueGiveFromISR
                0x100062c2                xQueueReceive
                0x100063b0                xQueueSemaphoreTake
                0x10006494                xQueuePeek
                0x10006582                xQueueReceiveFromISR
                0x10006600                xQueuePeekFromISR
                0x1000662e                uxQueueMessagesWaiting
                0x10006640                uxQueueSpacesAvailable
                0x10006656                uxQueueMessagesWaitingFromISR
                0x1000665a                xQueueIsQueueEmptyFromISR
                0x10006668                xQueueIsQueueFullFromISR
                0x10006678                vQueueAddToRegistry
                0x100066c0                pcQueueGetName
                0x100066e4                vQueueUnregisterQueue
                0x1000670c                vQueueDelete
                0x1000671c                vQueueWaitForMessageRestricted
 *fill*         0x1000676c        0x4 
 .text          0x10006770      0x494 FreeRTOS-Kernel/portable/libfreertos_kernel_port.a(port.c.obj)
                0x10006798                isr_svcall
                0x100067c4                isr_pendsv
                0x100068bc                pxPortInitialiseStack
                0x100068e0                vPortEndScheduler
                0x100068e6                vPortYield
                0x100068fc                vPortEnterCritical
                0x10006914                vPortEnableInterrupts
                0x10006938                vPortExitCritical
                0x10006954                ulSetInterruptMaskFromISR
                0x1000695c                vClearInterruptMaskFromISR
                0x10006962                isr_systick
                0x10006988                vPortSetupTimerInterrupt
                0x100069bc                xPortStartScheduler
                0x10006a2c                ulPortLockGetCurrentOwnerId
                0x10006a58                vPortLockInternalSpinUnlockWithWait
                0x10006ab8                vPortLockInternalSpinUnlockWithNotify
                0x10006b48                xPortLockInternalSpinUnlockWithBestEffortWaitOrTimeout
                0x10006bf0                xPortSyncInternalYieldUntilBefore
 .text          0x10006c04       0xc4 FreeRTOS-Kernel/portable/libfreertos_kernel_port.a(exception.c.obj)
                0x10006c3c                exception_get_vtable_handler
                0x10006c4c                exception_set_exclusive_handler
                0x10006c90                exception_restore_handler
 .text          0x10006cc8      0x23c FreeRTOS-Kernel/libfreertos_kernel.a(event_groups.c.obj)
                0x10006ce6                xEventGroupCreate
                0x10006cfe                xEventGroupWaitBits
                0x10006db2                xEventGroupClearBits
                0x10006dcc                xEventGroupGetBitsFromISR
                0x10006dde                xEventGroupSetBits
                0x10006e3c                xEventGroupSync
                0x10006ece                vEventGroupDelete
                0x10006ef4                vEventGroupSetBitsCallback
                0x10006efc                vEventGroupClearBitsCallback
 .text          0x10006f04       0x5c /usr/lib/gcc/arm-none-eabi/12.2.1/../../../arm-none-eabi/lib/thumb/v6-m/nofp/libg.a(lib_a-strlen-stub.o)
                0x10006f04                strlen
 *(.fini)
 .fini          0x10006f60        0x4 /usr/lib/gcc/arm-none-eabi/12.2.1/thumb/v6-m/nofp/crti.o
                0x10006f60                _fini
 *fill*         0x10006f64        0x4 
 .fini.__stub   0x10006f68       0x40 linker stubs
 *crtbegin.o(.ctors)
 *crtbegin?.o(.ctors)
 *(EXCLUDE_FILE(*crtend.o *crtend?.o) .ctors)
 *(SORT_BY_NAME(.ctors.*))
 *(.ctors)
 *crtbegin.o(.dtors)
 *crtbegin?.o(.dtors)
 *(EXCLUDE_FILE(*crtend.o *crtend?.o) .dtors)
 *(SORT_BY_NAME(.dtors.*))
 *(.dtors)
 *(.eh_frame*)
 .eh_frame      0x10006fa8        0x0 /usr/lib/gcc/arm-none-eabi/12.2.1/thumb/v6-m/nofp/crtbegin.o
                0x10006fa8                        . = ALIGN (0x4)

.glue_7         0x10006fa8        0x0
 .glue_7        0x10006fa8        0x0 linker stubs

.glue_7t        0x10006fa8        0x0
 .glue_7t       0x10006fa8        0x0 linker stubs

.vfp11_veneer   0x10006fa8        0x0
 .vfp11_veneer  0x10006fa8        0x0 linker stubs

.v4_bx          0x10006fa8        0x0
 .v4_bx         0x10006fa8        0x0 linker stubs

.iplt           0x10006fa8        0x0
 .iplt          0x10006fa8        0x0 /usr/lib/gcc/arm-none-eabi/12.2.1/thumb/v6-m/nofp/crtbegin.o

.rodata         0x10006fa8      0xf30
 *(EXCLUDE_FILE(*libm.a: *libc.a:*lib_a-mem*.o *libgcc.a:) .rodata*)
 .rodata.main.str1.4
                0x10006fa8        0x5 CMakeFiles/RtosPico.dir/RtosPico.c.obj
 *fill*         0x10006fad        0x3 
 .rodata.resolve_branch.str1.4
                0x10006fb0       0x52 CMakeFiles/RtosPico.dir/home/wjl/pico/pico-sdk/src/rp2_common/hardware_irq/irq.c.obj
 *fill*         0x10007002        0x2 
 .rodata.make_branch.str1.4
                0x10007004       0x30 CMakeFiles/RtosPico.dir/home/wjl/pico/pico-sdk/src/rp2_common/hardware_irq/irq.c.obj
 .rodata.insert_branch_and_link.str1.4
                0x10007034       0x10 CMakeFiles/RtosPico.dir/home/wjl/pico/pico-sdk/src/rp2_common/hardware_irq/irq.c.obj
 .rodata.irq_set_exclusive_handler.str1.4
                0x10007044       0x36 CMakeFiles/RtosPico.dir/home/wjl/pico/pico-sdk/src/rp2_common/hardware_irq/irq.c.obj
 *fill*         0x1000707a        0x2 
 .rodata.irq_remove_handler.str1.4
                0x1000707c       0x3a CMakeFiles/RtosPico.dir/home/wjl/pico/pico-sdk/src/rp2_common/hardware_irq/irq.c.obj
 *fill*         0x100070b6        0x2 
 .rodata.irq_add_tail_to_free_list.str1.4
                0x100070b8       0x3a CMakeFiles/RtosPico.dir/home/wjl/pico/pico-sdk/src/rp2_common/hardware_irq/irq.c.obj
 *fill*         0x100070f2        0x2 
 .rodata.__func__.0
                0x100070f4       0x1a CMakeFiles/RtosPico.dir/home/wjl/pico/pico-sdk/src/rp2_common/hardware_irq/irq.c.obj
 *fill*         0x1000710e        0x2 
 .rodata.__func__.1
                0x10007110       0x17 CMakeFiles/RtosPico.dir/home/wjl/pico/pico-sdk/src/rp2_common/hardware_irq/irq.c.obj
 *fill*         0x10007127        0x1 
 .rodata.__func__.2
                0x10007128       0x13 CMakeFiles/RtosPico.dir/home/wjl/pico/pico-sdk/src/rp2_common/hardware_irq/irq.c.obj
 *fill*         0x1000713b        0x1 
 .rodata.__func__.3
                0x1000713c        0xc CMakeFiles/RtosPico.dir/home/wjl/pico/pico-sdk/src/rp2_common/hardware_irq/irq.c.obj
 .rodata.__func__.4
                0x10007148        0xf CMakeFiles/RtosPico.dir/home/wjl/pico/pico-sdk/src/rp2_common/hardware_irq/irq.c.obj
 *fill*         0x10007157        0x1 
 .rodata.__func__.6
                0x10007158       0x1a CMakeFiles/RtosPico.dir/home/wjl/pico/pico-sdk/src/rp2_common/hardware_irq/irq.c.obj
 *fill*         0x10007172        0x2 
 .rodata.str1.4
                0x10007174       0x89 CMakeFiles/RtosPico.dir/home/wjl/pico/pico-sdk/src/common/pico_sync/mutex.c.obj
 *fill*         0x100071fd        0x3 
 .rodata.__func__.1
                0x10007200        0xb CMakeFiles/RtosPico.dir/home/wjl/pico/pico-sdk/src/common/pico_sync/mutex.c.obj
 *fill*         0x1000720b        0x1 
 .rodata.__func__.3
                0x1000720c       0x18 CMakeFiles/RtosPico.dir/home/wjl/pico/pico-sdk/src/common/pico_sync/mutex.c.obj
 .rodata.get_entry.str1.4
                0x10007224       0x58 CMakeFiles/RtosPico.dir/home/wjl/pico/pico-sdk/src/common/pico_time/time.c.obj
 .rodata.update_us_since_boot.str1.4
                0x1000727c       0x5e CMakeFiles/RtosPico.dir/home/wjl/pico/pico-sdk/src/common/pico_time/time.c.obj
 *fill*         0x100072da        0x2 
 .rodata.ph_get_node.str1.4
                0x100072dc       0x63 CMakeFiles/RtosPico.dir/home/wjl/pico/pico-sdk/src/common/pico_time/time.c.obj
 *fill*         0x1000733f        0x1 
 .rodata.ph_add_child_node.str1.4
                0x10007340       0x2e CMakeFiles/RtosPico.dir/home/wjl/pico/pico-sdk/src/common/pico_time/time.c.obj
 *fill*         0x1000736e        0x2 
 .rodata.ph_insert_node.str1.4
                0x10007370        0x3 CMakeFiles/RtosPico.dir/home/wjl/pico/pico-sdk/src/common/pico_time/time.c.obj
 *fill*         0x10007373        0x1 
 .rodata.ph_free_node.str1.4
                0x10007374       0x38 CMakeFiles/RtosPico.dir/home/wjl/pico/pico-sdk/src/common/pico_time/time.c.obj
 .rodata.add_alarm_under_lock.str1.4
                0x100073ac       0x28 CMakeFiles/RtosPico.dir/home/wjl/pico/pico-sdk/src/common/pico_time/time.c.obj
 .rodata.alarm_pool_alarm_callback.str1.4
                0x100073d4       0x60 CMakeFiles/RtosPico.dir/home/wjl/pico/pico-sdk/src/common/pico_time/time.c.obj
 .rodata.alarm_pool_get_default.str1.4
                0x10007434       0x21 CMakeFiles/RtosPico.dir/home/wjl/pico/pico-sdk/src/common/pico_time/time.c.obj
 *fill*         0x10007455        0x3 
 .rodata.alarm_pool_cancel_alarm.str1.4
                0x10007458       0x27 CMakeFiles/RtosPico.dir/home/wjl/pico/pico-sdk/src/common/pico_time/time.c.obj
 *fill*         0x1000747f        0x1 
 .rodata.__func__.1
                0x10007480       0x18 CMakeFiles/RtosPico.dir/home/wjl/pico/pico-sdk/src/common/pico_time/time.c.obj
 .rodata.__func__.3
                0x10007498       0x17 CMakeFiles/RtosPico.dir/home/wjl/pico/pico-sdk/src/common/pico_time/time.c.obj
 *fill*         0x100074af        0x1 
 .rodata.__func__.4
                0x100074b0       0x12 CMakeFiles/RtosPico.dir/home/wjl/pico/pico-sdk/src/common/pico_time/time.c.obj
 *fill*         0x100074c2        0x2 
 .rodata.__func__.5
                0x100074c4        0xd CMakeFiles/RtosPico.dir/home/wjl/pico/pico-sdk/src/common/pico_time/time.c.obj
 *fill*         0x100074d1        0x3 
 .rodata.__func__.6
                0x100074d4       0x12 CMakeFiles/RtosPico.dir/home/wjl/pico/pico-sdk/src/common/pico_time/time.c.obj
 *fill*         0x100074e6        0x2 
 .rodata.__func__.7
                0x100074e8        0xf CMakeFiles/RtosPico.dir/home/wjl/pico/pico-sdk/src/common/pico_time/time.c.obj
 *fill*         0x100074f7        0x1 
 .rodata.__func__.8
                0x100074f8        0xc CMakeFiles/RtosPico.dir/home/wjl/pico/pico-sdk/src/common/pico_time/time.c.obj
 .rodata.__func__.9
                0x10007504       0x15 CMakeFiles/RtosPico.dir/home/wjl/pico/pico-sdk/src/common/pico_time/time.c.obj
 *fill*         0x10007519        0x3 
 .rodata.__func__.10
                0x1000751c       0x15 CMakeFiles/RtosPico.dir/home/wjl/pico/pico-sdk/src/common/pico_time/time.c.obj
 *fill*         0x10007531        0x3 
 .rodata.__func__.11
                0x10007534       0x1a CMakeFiles/RtosPico.dir/home/wjl/pico/pico-sdk/src/common/pico_time/time.c.obj
 *fill*         0x1000754e        0x2 
 .rodata.__func__.12
                0x10007550        0xa CMakeFiles/RtosPico.dir/home/wjl/pico/pico-sdk/src/common/pico_time/time.c.obj
 .rodata.update_us_since_boot.str1.4
                0x1000755a       0x5e CMakeFiles/RtosPico.dir/home/wjl/pico/pico-sdk/src/rp2_common/hardware_timer/timer.c.obj
 *fill*         0x1000755a        0x2 
 .rodata.hardware_alarm_claim.str1.4
                0x1000755c       0x22 CMakeFiles/RtosPico.dir/home/wjl/pico/pico-sdk/src/rp2_common/hardware_timer/timer.c.obj
 *fill*         0x1000757e        0x2 
 .rodata.hardware_alarm_set_target.str1.4
                0x10007580       0x62 CMakeFiles/RtosPico.dir/home/wjl/pico/pico-sdk/src/rp2_common/hardware_timer/timer.c.obj
 *fill*         0x100075e2        0x2 
 .rodata.__func__.0
                0x100075e4       0x1a CMakeFiles/RtosPico.dir/home/wjl/pico/pico-sdk/src/rp2_common/hardware_timer/timer.c.obj
 *fill*         0x100075fe        0x2 
 .rodata.__func__.1
                0x10007600       0x15 CMakeFiles/RtosPico.dir/home/wjl/pico/pico-sdk/src/rp2_common/hardware_timer/timer.c.obj
 .rodata.ph_get_node.str1.4
                0x10007615       0x63 CMakeFiles/RtosPico.dir/home/wjl/pico/pico-sdk/src/common/pico_util/pheap.c.obj
 .rodata.ph_add_child_node.str1.4
                0x10007615       0x2e CMakeFiles/RtosPico.dir/home/wjl/pico/pico-sdk/src/common/pico_util/pheap.c.obj
 *fill*         0x10007615        0x3 
 .rodata.ph_remove_any_head.str1.4
                0x10007618       0x8c CMakeFiles/RtosPico.dir/home/wjl/pico/pico-sdk/src/common/pico_util/pheap.c.obj
                                 0xa0 (size before relaxing)
 .rodata.ph_remove_and_free_node.str1.4
                0x100076a4       0x1e CMakeFiles/RtosPico.dir/home/wjl/pico/pico-sdk/src/common/pico_util/pheap.c.obj
                                 0x26 (size before relaxing)
 *fill*         0x100076c2        0x2 
 .rodata.__func__.0
                0x100076c4       0x18 CMakeFiles/RtosPico.dir/home/wjl/pico/pico-sdk/src/common/pico_util/pheap.c.obj
 .rodata.__func__.1
                0x100076dc       0x13 CMakeFiles/RtosPico.dir/home/wjl/pico/pico-sdk/src/common/pico_util/pheap.c.obj
 *fill*         0x100076ef        0x1 
 .rodata.__func__.2
                0x100076f0       0x12 CMakeFiles/RtosPico.dir/home/wjl/pico/pico-sdk/src/common/pico_util/pheap.c.obj
 *fill*         0x10007702        0x2 
 .rodata.__func__.3
                0x10007704        0xc CMakeFiles/RtosPico.dir/home/wjl/pico/pico-sdk/src/common/pico_util/pheap.c.obj
 .rodata.clock_configure.str1.4
                0x10007710       0x54 CMakeFiles/RtosPico.dir/home/wjl/pico/pico-sdk/src/rp2_common/hardware_clocks/clocks.c.obj
 .rodata.__func__.1
                0x10007764       0x10 CMakeFiles/RtosPico.dir/home/wjl/pico/pico-sdk/src/rp2_common/hardware_clocks/clocks.c.obj
 .rodata.pll_init.str1.4
                0x10007774      0x120 CMakeFiles/RtosPico.dir/home/wjl/pico/pico-sdk/src/rp2_common/hardware_pll/pll.c.obj
 .rodata.__func__.0
                0x10007894        0x9 CMakeFiles/RtosPico.dir/home/wjl/pico/pico-sdk/src/rp2_common/hardware_pll/pll.c.obj
 *fill*         0x1000789d        0x3 
 .rodata.__assert_func.str1.4
                0x100078a0       0x3f CMakeFiles/RtosPico.dir/home/wjl/pico/pico-sdk/src/rp2_common/pico_runtime/runtime.c.obj
                                 0x43 (size before relaxing)
 *fill*         0x100078df        0x1 
 .rodata.runtime_init.str1.4
                0x100078e0       0x5e CMakeFiles/RtosPico.dir/home/wjl/pico/pico-sdk/src/rp2_common/pico_runtime/runtime.c.obj
 *fill*         0x1000793e        0x2 
 .rodata.panic.str1.4
                0x10007940       0x12 CMakeFiles/RtosPico.dir/home/wjl/pico/pico-sdk/src/rp2_common/pico_runtime/runtime.c.obj
 *fill*         0x10007952        0x2 
 .rodata.panic_unsupported.str1.4
                0x10007954        0xe CMakeFiles/RtosPico.dir/home/wjl/pico/pico-sdk/src/rp2_common/pico_runtime/runtime.c.obj
 *fill*         0x10007962        0x2 
 .rodata.__func__.2
                0x10007964        0xd CMakeFiles/RtosPico.dir/home/wjl/pico/pico-sdk/src/rp2_common/pico_runtime/runtime.c.obj
 *fill*         0x10007971        0x3 
 .rodata._ftoa.str1.4
                0x10007974       0x15 CMakeFiles/RtosPico.dir/home/wjl/pico/pico-sdk/src/rp2_common/pico_printf/printf.c.obj
 *fill*         0x10007989        0x3 
 .rodata._vsnprintf
                0x1000798c      0x19c CMakeFiles/RtosPico.dir/home/wjl/pico/pico-sdk/src/rp2_common/pico_printf/printf.c.obj
 .rodata.pow10.0
                0x10007b28       0x50 CMakeFiles/RtosPico.dir/home/wjl/pico/pico-sdk/src/rp2_common/pico_printf/printf.c.obj
 .rodata.__aeabi_double_init.str1.4
                0x10007b78       0x99 CMakeFiles/RtosPico.dir/home/wjl/pico/pico-sdk/src/rp2_common/pico_double/double_init_rom.c.obj
 *fill*         0x10007c11        0x3 
 .rodata.__func__.0
                0x10007c14       0x14 CMakeFiles/RtosPico.dir/home/wjl/pico/pico-sdk/src/rp2_common/pico_double/double_init_rom.c.obj
 .rodata.__aeabi_float_init.str1.4
                0x10007c28       0x77 CMakeFiles/RtosPico.dir/home/wjl/pico/pico-sdk/src/rp2_common/pico_float/float_init_rom.c.obj
                                 0x7b (size before relaxing)
 *fill*         0x10007c9f        0x1 
 .rodata.__func__.0
                0x10007ca0       0x13 CMakeFiles/RtosPico.dir/home/wjl/pico/pico-sdk/src/rp2_common/pico_float/float_init_rom.c.obj
 *fill*         0x10007cb3        0x1 
 .rodata.str1.4
                0x10007cb4       0x44 CMakeFiles/RtosPico.dir/home/wjl/pico/pico-sdk/src/rp2_common/pico_standard_link/binary_info.c.obj
 .rodata.__bi_81
                0x10007cf8        0xc CMakeFiles/RtosPico.dir/home/wjl/pico/pico-sdk/src/rp2_common/pico_standard_link/binary_info.c.obj
 .rodata.__bi_75
                0x10007d04        0xc CMakeFiles/RtosPico.dir/home/wjl/pico/pico-sdk/src/rp2_common/pico_standard_link/binary_info.c.obj
 .rodata.__bi_56
                0x10007d10        0xc CMakeFiles/RtosPico.dir/home/wjl/pico/pico-sdk/src/rp2_common/pico_standard_link/binary_info.c.obj
 .rodata.__bi_44
                0x10007d1c        0xc CMakeFiles/RtosPico.dir/home/wjl/pico/pico-sdk/src/rp2_common/pico_standard_link/binary_info.c.obj
 .rodata.update_us_since_boot.str1.4
                0x10007d28       0x5e CMakeFiles/RtosPico.dir/home/wjl/pico/pico-sdk/src/rp2_common/pico_stdio/stdio.c.obj
 .rodata.crlf_str.2
                0x10007d28        0x2 CMakeFiles/RtosPico.dir/home/wjl/pico/pico-sdk/src/rp2_common/pico_stdio/stdio.c.obj
 *fill*         0x10007d2a        0x2 
 .rodata.__func__.3
                0x10007d2c       0x15 CMakeFiles/RtosPico.dir/home/wjl/pico/pico-sdk/src/rp2_common/pico_stdio/stdio.c.obj
 *fill*         0x10007d41        0x3 
 .rodata.str1.4
                0x10007d44       0x2c CMakeFiles/RtosPico.dir/home/wjl/pico/pico-sdk/src/rp2_common/pico_stdio_uart/stdio_uart.c.obj
 .rodata.__bi_33.4
                0x10007d70        0xc CMakeFiles/RtosPico.dir/home/wjl/pico/pico-sdk/src/rp2_common/pico_stdio_uart/stdio_uart.c.obj
 .rodata.__bi_34.5
                0x10007d7c        0x8 CMakeFiles/RtosPico.dir/home/wjl/pico/pico-sdk/src/rp2_common/pico_stdio_uart/stdio_uart.c.obj
 .rodata.str1.4
                0x10007d84        0x5 FreeRTOS-Kernel/libfreertos_kernel.a(tasks.c.obj)
 *fill*         0x10007d89        0x3 
 .rodata        0x10007d8c       0x28 FreeRTOS-Kernel/libfreertos_kernel.a(timers.c.obj)
 .rodata.str1.4
                0x10007db4       0x10 FreeRTOS-Kernel/libfreertos_kernel.a(timers.c.obj)
 .rodata.str1.4
                0x10007dc4       0x5e FreeRTOS-Kernel/portable/libfreertos_kernel_port.a(port.c.obj)
 .rodata        0x10007dc4       0x15 FreeRTOS-Kernel/portable/libfreertos_kernel_port.a(port.c.obj)
 *fill*         0x10007dd9        0x3 
 .rodata.str1.4
                0x10007ddc       0xc0 FreeRTOS-Kernel/portable/libfreertos_kernel_port.a(exception.c.obj)
 .rodata        0x10007e9c       0x3a FreeRTOS-Kernel/portable/libfreertos_kernel_port.a(exception.c.obj)
                0x10007ed8                        . = ALIGN (0x4)
 *fill*         0x10007ed6        0x2 
 *(SORT_BY_ALIGNMENT(SORT_BY_NAME(.flashdata*)))
                0x10007ed8                        . = ALIGN (0x4)

.ARM.extab
 *(.ARM.extab* .gnu.linkonce.armextab.*)
                0x10007ed8                        __exidx_start = .

.ARM.exidx
 *(.ARM.exidx* .gnu.linkonce.armexidx.*)
                0x10007ed8                        __exidx_end = .
                0x10007ed8                        . = ALIGN (0x4)
                0x10007ed8                        __binary_info_start = .

.binary_info    0x10007ed8       0x28
 *(.binary_info.keep.*)
 .binary_info.keep.__bi_ptr81
                0x10007ed8        0x4 CMakeFiles/RtosPico.dir/home/wjl/pico/pico-sdk/src/rp2_common/pico_standard_link/binary_info.c.obj
 .binary_info.keep.__bi_ptr75
                0x10007edc        0x4 CMakeFiles/RtosPico.dir/home/wjl/pico/pico-sdk/src/rp2_common/pico_standard_link/binary_info.c.obj
 .binary_info.keep.__bi_ptr56
                0x10007ee0        0x4 CMakeFiles/RtosPico.dir/home/wjl/pico/pico-sdk/src/rp2_common/pico_standard_link/binary_info.c.obj
 .binary_info.keep.__bi_ptr50
                0x10007ee4        0x4 CMakeFiles/RtosPico.dir/home/wjl/pico/pico-sdk/src/rp2_common/pico_standard_link/binary_info.c.obj
 .binary_info.keep.__bi_ptr44
                0x10007ee8        0x4 CMakeFiles/RtosPico.dir/home/wjl/pico/pico-sdk/src/rp2_common/pico_standard_link/binary_info.c.obj
 .binary_info.keep.__bi_ptr38
                0x10007eec        0x4 CMakeFiles/RtosPico.dir/home/wjl/pico/pico-sdk/src/rp2_common/pico_standard_link/binary_info.c.obj
 .binary_info.keep.__bi_ptr30
                0x10007ef0        0x4 CMakeFiles/RtosPico.dir/home/wjl/pico/pico-sdk/src/rp2_common/pico_standard_link/binary_info.c.obj
 .binary_info.keep.__bi_ptr22
                0x10007ef4        0x4 CMakeFiles/RtosPico.dir/home/wjl/pico/pico-sdk/src/rp2_common/pico_standard_link/binary_info.c.obj
 *(.binary_info.*)
 .binary_info.__bi_ptr34
                0x10007ef8        0x4 CMakeFiles/RtosPico.dir/home/wjl/pico/pico-sdk/src/rp2_common/pico_stdio_uart/stdio_uart.c.obj
 .binary_info.__bi_ptr33
                0x10007efc        0x4 CMakeFiles/RtosPico.dir/home/wjl/pico/pico-sdk/src/rp2_common/pico_stdio_uart/stdio_uart.c.obj
                0x10007f00                        __binary_info_end = .

.rel.dyn        0x10007f00        0x0
 .rel.iplt      0x10007f00        0x0 /usr/lib/gcc/arm-none-eabi/12.2.1/thumb/v6-m/nofp/crtbegin.o
                0x10007f00                        . = ALIGN (0x4)

.ram_vector_table
                0x20000000       0xc0
 *(.ram_vector_table)
 .ram_vector_table
                0x20000000       0xc0 CMakeFiles/RtosPico.dir/home/wjl/pico/pico-sdk/src/rp2_common/pico_runtime/runtime.c.obj
                0x20000000                ram_vector_table

.data           0x200000c0      0x250 load address 0x10007f00
                0x200000c0                        __data_start__ = .
 *(vtable)
 *(.time_critical*)
 .time_critical.mutex_try_enter
                0x200000c0       0x46 CMakeFiles/RtosPico.dir/home/wjl/pico/pico-sdk/src/common/pico_sync/mutex.c.obj
                0x200000c0                mutex_try_enter
 *fill*         0x20000106        0x2 
 .time_critical.mutex_enter_block_until
                0x20000108       0x8c CMakeFiles/RtosPico.dir/home/wjl/pico/pico-sdk/src/common/pico_sync/mutex.c.obj
                0x20000108                mutex_enter_block_until
 .time_critical.mutex_try_enter_block_until
                0x20000194       0x34 CMakeFiles/RtosPico.dir/home/wjl/pico/pico-sdk/src/common/pico_sync/mutex.c.obj
                0x20000194                mutex_try_enter_block_until
 .time_critical.mutex_exit
                0x200001c8       0x4c CMakeFiles/RtosPico.dir/home/wjl/pico/pico-sdk/src/common/pico_sync/mutex.c.obj
                0x200001c8                mutex_exit
 *(.text*)
 .text          0x20000214        0x4 /usr/lib/gcc/arm-none-eabi/12.2.1/thumb/v6-m/nofp/libgcc.a(_dvmd_tls.o)
                0x20000214                __aeabi_ldiv0
                0x20000214                __aeabi_idiv0
 .text.__stub   0x20000218       0x20 linker stubs
                0x20000238                        . = ALIGN (0x4)
 *(.rodata*)
                0x20000238                        . = ALIGN (0x4)
 *(.data*)
 .data.striped_spin_lock_num
                0x20000238        0x1 CMakeFiles/RtosPico.dir/home/wjl/pico/pico-sdk/src/rp2_common/hardware_sync/sync.c.obj
 *fill*         0x20000239        0x3 
 .data          0x2000023c       0x48 CMakeFiles/RtosPico.dir/home/wjl/pico/pico-sdk/src/rp2_common/hardware_irq/irq_handler_chain.S.obj
                0x2000023c                irq_handler_chain_slots
                0x2000026c                irq_handler_chain_first_slot
                0x20000276                irq_handler_chain_remove_tail
 .data.default_alarm_pool
                0x20000284       0x18 CMakeFiles/RtosPico.dir/home/wjl/pico/pico-sdk/src/common/pico_time/time.c.obj
 .data.default_alarm_pool_heap
                0x2000029c       0x10 CMakeFiles/RtosPico.dir/home/wjl/pico/pico-sdk/src/common/pico_time/time.c.obj
 *fill*         0x200002ac        0x4 
 .data.aeabi_bits_funcs
                0x200002b0       0x10 CMakeFiles/RtosPico.dir/home/wjl/pico/pico-sdk/src/rp2_common/pico_bit_ops/bit_ops_aeabi.S.obj
                0x200002b0                aeabi_bits_funcs
                0x200002c0                aeabi_bits_funcs_end
 .data.aeabi_mem_funcs
                0x200002c0       0x10 CMakeFiles/RtosPico.dir/home/wjl/pico/pico-sdk/src/rp2_common/pico_mem_ops/mem_ops_aeabi.S.obj
                0x200002c0                aeabi_mem_funcs
                0x200002d0                aeabi_mem_funcs_end
 .data.stdio_uart
                0x200002d0       0x18 CMakeFiles/RtosPico.dir/home/wjl/pico/pico-sdk/src/rp2_common/pico_stdio_uart/stdio_uart.c.obj
                0x200002d0                stdio_uart
 .data          0x200002e8        0x4 FreeRTOS-Kernel/libfreertos_kernel.a(tasks.c.obj)
                0x200002e8                uxTopUsedPriority
 .data          0x200002ec        0x1 FreeRTOS-Kernel/portable/libfreertos_kernel_port.a(port.c.obj)
                0x200002f0                        . = ALIGN (0x4)
 *fill*         0x200002ed        0x3 
 *(.after_data.*)
                0x200002f0                        . = ALIGN (0x4)
                0x200002f0                        PROVIDE (__mutex_array_start = .)
 *(SORT_BY_NAME(.mutex_array.*))
 *(.mutex_array)
 .mutex_array   0x200002f0        0x8 CMakeFiles/RtosPico.dir/home/wjl/pico/pico-sdk/src/rp2_common/pico_stdio/stdio.c.obj
                0x200002f8                        PROVIDE (__mutex_array_end = .)
                0x200002f8                        . = ALIGN (0x4)
                0x200002f8                        PROVIDE (__preinit_array_start = .)
 *(SORT_BY_NAME(.preinit_array.*))
 .preinit_array.00001
                0x200002f8        0x4 CMakeFiles/RtosPico.dir/home/wjl/pico/pico-sdk/src/rp2_common/pico_mem_ops/mem_ops_aeabi.S.obj
 .preinit_array.00010
                0x200002fc        0x4 CMakeFiles/RtosPico.dir/home/wjl/pico/pico-sdk/src/rp2_common/pico_bit_ops/bit_ops_aeabi.S.obj
 .preinit_array.00020
                0x20000300        0x4 CMakeFiles/RtosPico.dir/home/wjl/pico/pico-sdk/src/rp2_common/pico_double/double_aeabi.S.obj
 .preinit_array.00020
                0x20000304        0x4 CMakeFiles/RtosPico.dir/home/wjl/pico/pico-sdk/src/rp2_common/pico_float/float_aeabi.S.obj
 *(.preinit_array)
                0x20000308                        PROVIDE (__preinit_array_end = .)
                0x20000308                        . = ALIGN (0x4)
                0x20000308                        PROVIDE (__init_array_start = .)
 *(SORT_BY_NAME(.init_array.*))
 *(.init_array)
 .init_array    0x20000308        0x4 /usr/lib/gcc/arm-none-eabi/12.2.1/thumb/v6-m/nofp/crtbegin.o
 .init_array    0x2000030c        0x4 FreeRTOS-Kernel/portable/libfreertos_kernel_port.a(port.c.obj)
                0x20000310                        PROVIDE (__init_array_end = .)
                0x20000310                        . = ALIGN (0x4)
                0x20000310                        PROVIDE (__fini_array_start = .)
 *(SORT_BY_NAME(.fini_array.*))
 *(.fini_array)
                0x20000310                        PROVIDE (__fini_array_end = .)
 *(.jcr)
                0x20000310                        . = ALIGN (0x4)
                0x20000310                        __data_end__ = .
                0x10007f00                        __etext = LOADADDR (.data)

.tm_clone_table
                0x20000310        0x0 load address 0x10008150
 .tm_clone_table
                0x20000310        0x0 /usr/lib/gcc/arm-none-eabi/12.2.1/thumb/v6-m/nofp/crtbegin.o
 .tm_clone_table
                0x20000310        0x0 /usr/lib/gcc/arm-none-eabi/12.2.1/thumb/v6-m/nofp/crtend.o

.igot.plt       0x20000310        0x0 load address 0x10008150
 .igot.plt      0x20000310        0x0 /usr/lib/gcc/arm-none-eabi/12.2.1/thumb/v6-m/nofp/crtbegin.o

.uninitialized_data
                0x20000310        0x0 load address 0x10008150
                0x20000310                        . = ALIGN (0x4)
 *(.uninitialized_data*)

.scratch_x      0x20040000        0x0 load address 0x10008150
                0x20040000                        __scratch_x_start__ = .
 *(.scratch_x.*)
                0x20040000                        . = ALIGN (0x4)
                0x20040000                        __scratch_x_end__ = .
                0x10008150                        __scratch_x_source__ = LOADADDR (.scratch_x)

.scratch_y      0x20041000        0x0 load address 0x10008150
                0x20041000                        __scratch_y_start__ = .
 *(.scratch_y.*)
                0x20041000                        . = ALIGN (0x4)
                0x20041000                        __scratch_y_end__ = .
                0x10008150                        __scratch_y_source__ = LOADADDR (.scratch_y)

.bss            0x20000310     0xc8d0
                0x20000310                        . = ALIGN (0x4)
                0x20000310                        __bss_start__ = .
 *(SORT_BY_ALIGNMENT(SORT_BY_NAME(.bss*)))
 .bss.default_alarm_pool_entries
                0x20000310      0x100 CMakeFiles/RtosPico.dir/home/wjl/pico/pico-sdk/src/common/pico_time/time.c.obj
 .bss           0x20000410       0x1c /usr/lib/gcc/arm-none-eabi/12.2.1/thumb/v6-m/nofp/crtbegin.o
 .bss           0x2000042c       0xf0 FreeRTOS-Kernel/libfreertos_kernel.a(tasks.c.obj)
                0x200004f0                pxCurrentTCB
 .bss           0x2000051c       0x3c FreeRTOS-Kernel/libfreertos_kernel.a(timers.c.obj)
 .bss           0x20000558     0xc36c FreeRTOS-Kernel/libfreertos_kernel.a(heap_4.c.obj)
 .bss           0x2000c8c4       0x50 FreeRTOS-Kernel/libfreertos_kernel.a(queue.c.obj)
                0x2000c8c4                xQueueRegistry
 .bss           0x2000c914       0x10 FreeRTOS-Kernel/portable/libfreertos_kernel_port.a(port.c.obj)
 .bss.alarm_callbacks
                0x2000c924       0x10 CMakeFiles/RtosPico.dir/home/wjl/pico/pico-sdk/src/rp2_common/hardware_timer/timer.c.obj
 .bss.chars_available_callback
                0x2000c934        0x4 CMakeFiles/RtosPico.dir/home/wjl/pico/pico-sdk/src/rp2_common/pico_stdio_uart/stdio_uart.c.obj
 .bss.chars_available_param
                0x2000c938        0x4 CMakeFiles/RtosPico.dir/home/wjl/pico/pico-sdk/src/rp2_common/pico_stdio_uart/stdio_uart.c.obj
 .bss.configured_freq
                0x2000c93c       0x28 CMakeFiles/RtosPico.dir/home/wjl/pico/pico-sdk/src/rp2_common/hardware_clocks/clocks.c.obj
 .bss.default_alarm_pool_entry_ids_high
                0x2000c964       0x10 CMakeFiles/RtosPico.dir/home/wjl/pico/pico-sdk/src/common/pico_time/time.c.obj
 .bss.default_alarm_pool_heap_nodes
                0x2000c974       0x30 CMakeFiles/RtosPico.dir/home/wjl/pico/pico-sdk/src/common/pico_time/time.c.obj
 .bss.drivers   0x2000c9a4        0x4 CMakeFiles/RtosPico.dir/home/wjl/pico/pico-sdk/src/rp2_common/pico_stdio/stdio.c.obj
 .bss.filter    0x2000c9a8        0x4 CMakeFiles/RtosPico.dir/home/wjl/pico/pico-sdk/src/rp2_common/pico_stdio/stdio.c.obj
 .bss.pools     0x2000c9ac       0x10 CMakeFiles/RtosPico.dir/home/wjl/pico/pico-sdk/src/common/pico_time/time.c.obj
 .bss.sd_table  0x2000c9bc      0x100 CMakeFiles/RtosPico.dir/home/wjl/pico/pico-sdk/src/rp2_common/pico_double/double_init_rom.c.obj
                0x2000c9bc                sd_table
 .bss.sf_clz_func
                0x2000cabc        0x4 CMakeFiles/RtosPico.dir/home/wjl/pico/pico-sdk/src/rp2_common/pico_double/double_init_rom.c.obj
                0x2000cabc                sf_clz_func
 .bss.sf_table  0x2000cac0      0x100 CMakeFiles/RtosPico.dir/home/wjl/pico/pico-sdk/src/rp2_common/pico_float/float_init_rom.c.obj
                0x2000cac0                sf_table
 .bss.sleep_notifier
                0x2000cbc0        0x4 CMakeFiles/RtosPico.dir/home/wjl/pico/pico-sdk/src/common/pico_time/time.c.obj
 .bss.target_hi
                0x2000cbc4       0x10 CMakeFiles/RtosPico.dir/home/wjl/pico/pico-sdk/src/rp2_common/hardware_timer/timer.c.obj
 .bss.uart_char_to_line_feed
                0x2000cbd4        0x4 CMakeFiles/RtosPico.dir/home/wjl/pico/pico-sdk/src/rp2_common/hardware_uart/uart.c.obj
                0x2000cbd4                uart_char_to_line_feed
 .bss.uart_instance
                0x2000cbd8        0x4 CMakeFiles/RtosPico.dir/home/wjl/pico/pico-sdk/src/rp2_common/pico_stdio_uart/stdio_uart.c.obj
 .bss.claimed   0x2000cbdc        0x1 CMakeFiles/RtosPico.dir/home/wjl/pico/pico-sdk/src/rp2_common/hardware_timer/timer.c.obj
 .bss.irq_hander_chain_free_slot_head
                0x2000cbdd        0x1 CMakeFiles/RtosPico.dir/home/wjl/pico/pico-sdk/src/rp2_common/hardware_irq/irq.c.obj
 .bss.timer_callbacks_pending
                0x2000cbde        0x1 CMakeFiles/RtosPico.dir/home/wjl/pico/pico-sdk/src/rp2_common/hardware_timer/timer.c.obj
 *(COMMON)
                0x2000cbe0                        . = ALIGN (0x4)
 *fill*         0x2000cbdf        0x1 
                0x2000cbe0                        __bss_end__ = .

.heap           0x2000cbe0      0x800
                0x2000cbe0                        __end__ = .
                0x2000cbe0                        end = __end__
 *(.heap*)
 .heap          0x2000cbe0      0x800 CMakeFiles/RtosPico.dir/home/wjl/pico/pico-sdk/src/rp2_common/pico_standard_link/crt0.S.obj
                0x2000d3e0                        __HeapLimit = .

.stack1_dummy
 *(.stack1*)

.stack_dummy    0x20041000      0x800
 *(.stack*)
 .stack         0x20041000      0x800 CMakeFiles/RtosPico.dir/home/wjl/pico/pico-sdk/src/rp2_common/pico_standard_link/crt0.S.obj

.flash_end      0x10008150        0x0
                0x10008150                        PROVIDE (__flash_binary_end = .)
                0x20040000                        __StackLimit = (ORIGIN (RAM) + LENGTH (RAM))
                0x20041000                        __StackOneTop = (ORIGIN (SCRATCH_X) + LENGTH (SCRATCH_X))
                0x20042000                        __StackTop = (ORIGIN (SCRATCH_Y) + LENGTH (SCRATCH_Y))
                0x20041000                        __StackOneBottom = (__StackOneTop - SIZEOF (.stack1_dummy))
                0x20041800                        __StackBottom = (__StackTop - SIZEOF (.stack_dummy))
                0x20042000                        PROVIDE (__stack = __StackTop)
                0x00000001                        ASSERT ((__StackLimit >= __HeapLimit), region RAM overflowed)
                0x00000001                        ASSERT (((__binary_info_header_end - __logical_binary_start) <= 0x100), Binary info must be in first 256 bytes of the binary)
LOAD CMakeFiles/RtosPico.dir/RtosPico.c.obj
LOAD CMakeFiles/RtosPico.dir/home/wjl/pico/pico-sdk/src/rp2_common/pico_stdlib/stdlib.c.obj
LOAD CMakeFiles/RtosPico.dir/home/wjl/pico/pico-sdk/src/rp2_common/hardware_gpio/gpio.c.obj
LOAD CMakeFiles/RtosPico.dir/home/wjl/pico/pico-sdk/src/rp2_common/pico_platform/platform.c.obj
LOAD CMakeFiles/RtosPico.dir/home/wjl/pico/pico-sdk/src/rp2_common/hardware_claim/claim.c.obj
LOAD CMakeFiles/RtosPico.dir/home/wjl/pico/pico-sdk/src/rp2_common/hardware_sync/sync.c.obj
LOAD CMakeFiles/RtosPico.dir/home/wjl/pico/pico-sdk/src/rp2_common/hardware_irq/irq.c.obj
LOAD CMakeFiles/RtosPico.dir/home/wjl/pico/pico-sdk/src/rp2_common/hardware_irq/irq_handler_chain.S.obj
LOAD CMakeFiles/RtosPico.dir/home/wjl/pico/pico-sdk/src/common/pico_sync/sem.c.obj
LOAD CMakeFiles/RtosPico.dir/home/wjl/pico/pico-sdk/src/common/pico_sync/lock_core.c.obj
LOAD CMakeFiles/RtosPico.dir/home/wjl/pico/pico-sdk/src/common/pico_sync/mutex.c.obj
LOAD CMakeFiles/RtosPico.dir/home/wjl/pico/pico-sdk/src/common/pico_sync/critical_section.c.obj
LOAD CMakeFiles/RtosPico.dir/home/wjl/pico/pico-sdk/src/common/pico_time/time.c.obj
LOAD CMakeFiles/RtosPico.dir/home/wjl/pico/pico-sdk/src/common/pico_time/timeout_helper.c.obj
LOAD CMakeFiles/RtosPico.dir/home/wjl/pico/pico-sdk/src/rp2_common/hardware_timer/timer.c.obj
LOAD CMakeFiles/RtosPico.dir/home/wjl/pico/pico-sdk/src/common/pico_util/datetime.c.obj
LOAD CMakeFiles/RtosPico.dir/home/wjl/pico/pico-sdk/src/common/pico_util/pheap.c.obj
LOAD CMakeFiles/RtosPico.dir/home/wjl/pico/pico-sdk/src/common/pico_util/queue.c.obj
LOAD CMakeFiles/RtosPico.dir/home/wjl/pico/pico-sdk/src/rp2_common/hardware_uart/uart.c.obj
LOAD CMakeFiles/RtosPico.dir/home/wjl/pico/pico-sdk/src/rp2_common/hardware_clocks/clocks.c.obj
LOAD CMakeFiles/RtosPico.dir/home/wjl/pico/pico-sdk/src/rp2_common/hardware_pll/pll.c.obj
LOAD CMakeFiles/RtosPico.dir/home/wjl/pico/pico-sdk/src/rp2_common/hardware_vreg/vreg.c.obj
LOAD CMakeFiles/RtosPico.dir/home/wjl/pico/pico-sdk/src/rp2_common/hardware_watchdog/watchdog.c.obj
LOAD CMakeFiles/RtosPico.dir/home/wjl/pico/pico-sdk/src/rp2_common/hardware_xosc/xosc.c.obj
LOAD CMakeFiles/RtosPico.dir/home/wjl/pico/pico-sdk/src/rp2_common/hardware_divider/divider.S.obj
LOAD CMakeFiles/RtosPico.dir/home/wjl/pico/pico-sdk/src/rp2_common/pico_runtime/runtime.c.obj
LOAD CMakeFiles/RtosPico.dir/home/wjl/pico/pico-sdk/src/rp2_common/pico_printf/printf.c.obj
LOAD CMakeFiles/RtosPico.dir/home/wjl/pico/pico-sdk/src/rp2_common/pico_bit_ops/bit_ops_aeabi.S.obj
LOAD CMakeFiles/RtosPico.dir/home/wjl/pico/pico-sdk/src/rp2_common/pico_bootrom/bootrom.c.obj
LOAD CMakeFiles/RtosPico.dir/home/wjl/pico/pico-sdk/src/rp2_common/pico_divider/divider.S.obj
LOAD CMakeFiles/RtosPico.dir/home/wjl/pico/pico-sdk/src/rp2_common/pico_double/double_aeabi.S.obj
LOAD CMakeFiles/RtosPico.dir/home/wjl/pico/pico-sdk/src/rp2_common/pico_double/double_init_rom.c.obj
LOAD CMakeFiles/RtosPico.dir/home/wjl/pico/pico-sdk/src/rp2_common/pico_double/double_math.c.obj
LOAD CMakeFiles/RtosPico.dir/home/wjl/pico/pico-sdk/src/rp2_common/pico_double/double_v1_rom_shim.S.obj
LOAD CMakeFiles/RtosPico.dir/home/wjl/pico/pico-sdk/src/rp2_common/pico_int64_ops/pico_int64_ops_aeabi.S.obj
LOAD CMakeFiles/RtosPico.dir/home/wjl/pico/pico-sdk/src/rp2_common/pico_float/float_aeabi.S.obj
LOAD CMakeFiles/RtosPico.dir/home/wjl/pico/pico-sdk/src/rp2_common/pico_float/float_init_rom.c.obj
LOAD CMakeFiles/RtosPico.dir/home/wjl/pico/pico-sdk/src/rp2_common/pico_float/float_math.c.obj
LOAD CMakeFiles/RtosPico.dir/home/wjl/pico/pico-sdk/src/rp2_common/pico_float/float_v1_rom_shim.S.obj
LOAD CMakeFiles/RtosPico.dir/home/wjl/pico/pico-sdk/src/rp2_common/pico_malloc/pico_malloc.c.obj
LOAD CMakeFiles/RtosPico.dir/home/wjl/pico/pico-sdk/src/rp2_common/pico_mem_ops/mem_ops_aeabi.S.obj
LOAD CMakeFiles/RtosPico.dir/home/wjl/pico/pico-sdk/src/rp2_common/pico_standard_link/crt0.S.obj
LOAD CMakeFiles/RtosPico.dir/home/wjl/pico/pico-sdk/src/rp2_common/pico_standard_link/new_delete.cpp.obj
LOAD CMakeFiles/RtosPico.dir/home/wjl/pico/pico-sdk/src/rp2_common/pico_standard_link/binary_info.c.obj
LOAD CMakeFiles/RtosPico.dir/home/wjl/pico/pico-sdk/src/rp2_common/pico_stdio/stdio.c.obj
LOAD CMakeFiles/RtosPico.dir/home/wjl/pico/pico-sdk/src/rp2_common/pico_stdio_uart/stdio_uart.c.obj
LOAD FreeRTOS-Kernel/libfreertos_kernel.a
LOAD /tmp/ccJ6b7jD.o
LOAD FreeRTOS-Kernel/portable/libfreertos_kernel_port.a
LOAD FreeRTOS-Kernel/libfreertos_kernel.a
LOAD FreeRTOS-Kernel/portable/libfreertos_kernel_port.a
LOAD /usr/lib/gcc/arm-none-eabi/12.2.1/../../../arm-none-eabi/lib/thumb/v6-m/nofp/libstdc++.a
LOAD /usr/lib/gcc/arm-none-eabi/12.2.1/../../../arm-none-eabi/lib/thumb/v6-m/nofp/libm.a
START GROUP
LOAD /usr/lib/gcc/arm-none-eabi/12.2.1/thumb/v6-m/nofp/libgcc.a
LOAD /usr/lib/gcc/arm-none-eabi/12.2.1/../../../arm-none-eabi/lib/thumb/v6-m/nofp/libg.a
LOAD /usr/lib/gcc/arm-none-eabi/12.2.1/../../../arm-none-eabi/lib/thumb/v6-m/nofp/libc.a
END GROUP
START GROUP
LOAD /usr/lib/gcc/arm-none-eabi/12.2.1/thumb/v6-m/nofp/libgcc.a
LOAD /usr/lib/gcc/arm-none-eabi/12.2.1/../../../arm-none-eabi/lib/thumb/v6-m/nofp/libc.a
LOAD /usr/lib/gcc/arm-none-eabi/12.2.1/../../../arm-none-eabi/lib/thumb/v6-m/nofp/libnosys.a
END GROUP
LOAD /usr/lib/gcc/arm-none-eabi/12.2.1/thumb/v6-m/nofp/crtend.o
LOAD /usr/lib/gcc/arm-none-eabi/12.2.1/thumb/v6-m/nofp/crtn.o
OUTPUT(RtosPico.elf elf32-littlearm)
LOAD linker stubs

.ARM.attributes
                0x00000000       0x28
 .ARM.attributes
                0x00000000       0x1e /usr/lib/gcc/arm-none-eabi/12.2.1/thumb/v6-m/nofp/crti.o
 .ARM.attributes
                0x0000001e       0x2c /usr/lib/gcc/arm-none-eabi/12.2.1/thumb/v6-m/nofp/crtbegin.o
 .ARM.attributes
                0x0000004a       0x2c CMakeFiles/RtosPico.dir/RtosPico.c.obj
 .ARM.attributes
                0x00000076       0x2c CMakeFiles/RtosPico.dir/home/wjl/pico/pico-sdk/src/rp2_common/hardware_gpio/gpio.c.obj
 .ARM.attributes
                0x000000a2       0x2c CMakeFiles/RtosPico.dir/home/wjl/pico/pico-sdk/src/rp2_common/pico_platform/platform.c.obj
 .ARM.attributes
                0x000000ce       0x2c CMakeFiles/RtosPico.dir/home/wjl/pico/pico-sdk/src/rp2_common/hardware_claim/claim.c.obj
 .ARM.attributes
                0x000000fa       0x2c CMakeFiles/RtosPico.dir/home/wjl/pico/pico-sdk/src/rp2_common/hardware_sync/sync.c.obj
 .ARM.attributes
                0x00000126       0x2c CMakeFiles/RtosPico.dir/home/wjl/pico/pico-sdk/src/rp2_common/hardware_irq/irq.c.obj
 .ARM.attributes
                0x00000152       0x22 CMakeFiles/RtosPico.dir/home/wjl/pico/pico-sdk/src/rp2_common/hardware_irq/irq_handler_chain.S.obj
 .ARM.attributes
                0x00000174       0x2c CMakeFiles/RtosPico.dir/home/wjl/pico/pico-sdk/src/common/pico_sync/lock_core.c.obj
 .ARM.attributes
                0x000001a0       0x2c CMakeFiles/RtosPico.dir/home/wjl/pico/pico-sdk/src/common/pico_sync/mutex.c.obj
 .ARM.attributes
                0x000001cc       0x2c CMakeFiles/RtosPico.dir/home/wjl/pico/pico-sdk/src/common/pico_time/time.c.obj
 .ARM.attributes
                0x000001f8       0x2c CMakeFiles/RtosPico.dir/home/wjl/pico/pico-sdk/src/rp2_common/hardware_timer/timer.c.obj
 .ARM.attributes
                0x00000224       0x2c CMakeFiles/RtosPico.dir/home/wjl/pico/pico-sdk/src/common/pico_util/pheap.c.obj
 .ARM.attributes
                0x00000250       0x2c CMakeFiles/RtosPico.dir/home/wjl/pico/pico-sdk/src/rp2_common/hardware_uart/uart.c.obj
 .ARM.attributes
                0x0000027c       0x2c CMakeFiles/RtosPico.dir/home/wjl/pico/pico-sdk/src/rp2_common/hardware_clocks/clocks.c.obj
 .ARM.attributes
                0x000002a8       0x2c CMakeFiles/RtosPico.dir/home/wjl/pico/pico-sdk/src/rp2_common/hardware_pll/pll.c.obj
 .ARM.attributes
                0x000002d4       0x2c CMakeFiles/RtosPico.dir/home/wjl/pico/pico-sdk/src/rp2_common/hardware_watchdog/watchdog.c.obj
 .ARM.attributes
                0x00000300       0x2c CMakeFiles/RtosPico.dir/home/wjl/pico/pico-sdk/src/rp2_common/hardware_xosc/xosc.c.obj
 .ARM.attributes
                0x0000032c       0x2c CMakeFiles/RtosPico.dir/home/wjl/pico/pico-sdk/src/rp2_common/pico_runtime/runtime.c.obj
 .ARM.attributes
                0x00000358       0x2c CMakeFiles/RtosPico.dir/home/wjl/pico/pico-sdk/src/rp2_common/pico_printf/printf.c.obj
 .ARM.attributes
                0x00000384       0x22 CMakeFiles/RtosPico.dir/home/wjl/pico/pico-sdk/src/rp2_common/pico_bit_ops/bit_ops_aeabi.S.obj
 .ARM.attributes
                0x000003a6       0x2c CMakeFiles/RtosPico.dir/home/wjl/pico/pico-sdk/src/rp2_common/pico_bootrom/bootrom.c.obj
 .ARM.attributes
                0x000003d2       0x22 CMakeFiles/RtosPico.dir/home/wjl/pico/pico-sdk/src/rp2_common/pico_divider/divider.S.obj
 .ARM.attributes
                0x000003f4       0x22 CMakeFiles/RtosPico.dir/home/wjl/pico/pico-sdk/src/rp2_common/pico_double/double_aeabi.S.obj
 .ARM.attributes
                0x00000416       0x2c CMakeFiles/RtosPico.dir/home/wjl/pico/pico-sdk/src/rp2_common/pico_double/double_init_rom.c.obj
 .ARM.attributes
                0x00000442       0x22 CMakeFiles/RtosPico.dir/home/wjl/pico/pico-sdk/src/rp2_common/pico_double/double_v1_rom_shim.S.obj
 .ARM.attributes
                0x00000464       0x22 CMakeFiles/RtosPico.dir/home/wjl/pico/pico-sdk/src/rp2_common/pico_int64_ops/pico_int64_ops_aeabi.S.obj
 .ARM.attributes
                0x00000486       0x22 CMakeFiles/RtosPico.dir/home/wjl/pico/pico-sdk/src/rp2_common/pico_float/float_aeabi.S.obj
 .ARM.attributes
                0x000004a8       0x2c CMakeFiles/RtosPico.dir/home/wjl/pico/pico-sdk/src/rp2_common/pico_float/float_init_rom.c.obj
 .ARM.attributes
                0x000004d4       0x22 CMakeFiles/RtosPico.dir/home/wjl/pico/pico-sdk/src/rp2_common/pico_float/float_v1_rom_shim.S.obj
 .ARM.attributes
                0x000004f6       0x22 CMakeFiles/RtosPico.dir/home/wjl/pico/pico-sdk/src/rp2_common/pico_mem_ops/mem_ops_aeabi.S.obj
 .ARM.attributes
                0x00000518       0x22 CMakeFiles/RtosPico.dir/home/wjl/pico/pico-sdk/src/rp2_common/pico_standard_link/crt0.S.obj
 .ARM.attributes
                0x0000053a       0x2c CMakeFiles/RtosPico.dir/home/wjl/pico/pico-sdk/src/rp2_common/pico_standard_link/binary_info.c.obj
 .ARM.attributes
                0x00000566       0x2c CMakeFiles/RtosPico.dir/home/wjl/pico/pico-sdk/src/rp2_common/pico_stdio/stdio.c.obj
 .ARM.attributes
                0x00000592       0x2c CMakeFiles/RtosPico.dir/home/wjl/pico/pico-sdk/src/rp2_common/pico_stdio_uart/stdio_uart.c.obj
 .ARM.attributes
                0x000005be       0x2c FreeRTOS-Kernel/libfreertos_kernel.a(tasks.c.obj)
 .ARM.attributes
                0x000005ea       0x2c FreeRTOS-Kernel/libfreertos_kernel.a(timers.c.obj)
 .ARM.attributes
                0x00000616       0x2c FreeRTOS-Kernel/libfreertos_kernel.a(heap_4.c.obj)
 .ARM.attributes
                0x00000642       0x2c FreeRTOS-Kernel/libfreertos_kernel.a(list.c.obj)
 .ARM.attributes
                0x0000066e       0x2c FreeRTOS-Kernel/libfreertos_kernel.a(queue.c.obj)
 .ARM.attributes
                0x0000069a       0x22 /tmp/ccJ6b7jD.o
 .ARM.attributes
                0x000006bc       0x2c FreeRTOS-Kernel/portable/libfreertos_kernel_port.a(port.c.obj)
 .ARM.attributes
                0x000006e8       0x2c FreeRTOS-Kernel/portable/libfreertos_kernel_port.a(exception.c.obj)
 .ARM.attributes
                0x00000714       0x2c FreeRTOS-Kernel/libfreertos_kernel.a(event_groups.c.obj)
 .ARM.attributes
                0x00000740       0x1e /usr/lib/gcc/arm-none-eabi/12.2.1/thumb/v6-m/nofp/libgcc.a(_dvmd_tls.o)
 .ARM.attributes
                0x0000075e       0x2c /usr/lib/gcc/arm-none-eabi/12.2.1/../../../arm-none-eabi/lib/thumb/v6-m/nofp/libg.a(lib_a-strlen-stub.o)
 .ARM.attributes
                0x0000078a       0x2c /usr/lib/gcc/arm-none-eabi/12.2.1/thumb/v6-m/nofp/crtend.o

.comment        0x00000000       0x59
 .comment       0x00000000       0x26 /usr/lib/gcc/arm-none-eabi/12.2.1/thumb/v6-m/nofp/crtbegin.o
                                 0x27 (size before relaxing)
 .comment       0x00000026       0x27 CMakeFiles/RtosPico.dir/RtosPico.c.obj
 .comment       0x00000026       0x27 CMakeFiles/RtosPico.dir/home/wjl/pico/pico-sdk/src/rp2_common/hardware_gpio/gpio.c.obj
 .comment       0x00000026       0x27 CMakeFiles/RtosPico.dir/home/wjl/pico/pico-sdk/src/rp2_common/pico_platform/platform.c.obj
 .comment       0x00000026       0x27 CMakeFiles/RtosPico.dir/home/wjl/pico/pico-sdk/src/rp2_common/hardware_claim/claim.c.obj
 .comment       0x00000026       0x27 CMakeFiles/RtosPico.dir/home/wjl/pico/pico-sdk/src/rp2_common/hardware_sync/sync.c.obj
 .comment       0x00000026       0x27 CMakeFiles/RtosPico.dir/home/wjl/pico/pico-sdk/src/rp2_common/hardware_irq/irq.c.obj
 .comment       0x00000026       0x27 CMakeFiles/RtosPico.dir/home/wjl/pico/pico-sdk/src/common/pico_sync/lock_core.c.obj
 .comment       0x00000026       0x27 CMakeFiles/RtosPico.dir/home/wjl/pico/pico-sdk/src/common/pico_sync/mutex.c.obj
 .comment       0x00000026       0x27 CMakeFiles/RtosPico.dir/home/wjl/pico/pico-sdk/src/common/pico_time/time.c.obj
 .comment       0x00000026       0x27 CMakeFiles/RtosPico.dir/home/wjl/pico/pico-sdk/src/rp2_common/hardware_timer/timer.c.obj
 .comment       0x00000026       0x27 CMakeFiles/RtosPico.dir/home/wjl/pico/pico-sdk/src/common/pico_util/pheap.c.obj
 .comment       0x00000026       0x27 CMakeFiles/RtosPico.dir/home/wjl/pico/pico-sdk/src/rp2_common/hardware_uart/uart.c.obj
 .comment       0x00000026       0x27 CMakeFiles/RtosPico.dir/home/wjl/pico/pico-sdk/src/rp2_common/hardware_clocks/clocks.c.obj
 .comment       0x00000026       0x27 CMakeFiles/RtosPico.dir/home/wjl/pico/pico-sdk/src/rp2_common/hardware_pll/pll.c.obj
 .comment       0x00000026       0x27 CMakeFiles/RtosPico.dir/home/wjl/pico/pico-sdk/src/rp2_common/hardware_watchdog/watchdog.c.obj
 .comment       0x00000026       0x27 CMakeFiles/RtosPico.dir/home/wjl/pico/pico-sdk/src/rp2_common/hardware_xosc/xosc.c.obj
 .comment       0x00000026       0x27 CMakeFiles/RtosPico.dir/home/wjl/pico/pico-sdk/src/rp2_common/pico_runtime/runtime.c.obj
 .comment       0x00000026       0x27 CMakeFiles/RtosPico.dir/home/wjl/pico/pico-sdk/src/rp2_common/pico_printf/printf.c.obj
 .comment       0x00000026       0x27 CMakeFiles/RtosPico.dir/home/wjl/pico/pico-sdk/src/rp2_common/pico_bootrom/bootrom.c.obj
 .comment       0x00000026       0x27 CMakeFiles/RtosPico.dir/home/wjl/pico/pico-sdk/src/rp2_common/pico_double/double_init_rom.c.obj
 .comment       0x00000026       0x27 CMakeFiles/RtosPico.dir/home/wjl/pico/pico-sdk/src/rp2_common/pico_float/float_init_rom.c.obj
 .comment       0x00000026       0x27 CMakeFiles/RtosPico.dir/home/wjl/pico/pico-sdk/src/rp2_common/pico_standard_link/binary_info.c.obj
 .comment       0x00000026       0x27 CMakeFiles/RtosPico.dir/home/wjl/pico/pico-sdk/src/rp2_common/pico_stdio/stdio.c.obj
 .comment       0x00000026       0x27 CMakeFiles/RtosPico.dir/home/wjl/pico/pico-sdk/src/rp2_common/pico_stdio_uart/stdio_uart.c.obj
 .comment       0x00000026       0x27 FreeRTOS-Kernel/libfreertos_kernel.a(tasks.c.obj)
 .comment       0x00000026       0x27 FreeRTOS-Kernel/libfreertos_kernel.a(timers.c.obj)
 .comment       0x00000026       0x27 FreeRTOS-Kernel/libfreertos_kernel.a(heap_4.c.obj)
 .comment       0x00000026       0x27 FreeRTOS-Kernel/libfreertos_kernel.a(list.c.obj)
 .comment       0x00000026       0x27 FreeRTOS-Kernel/libfreertos_kernel.a(queue.c.obj)
 .comment       0x00000026       0x27 FreeRTOS-Kernel/portable/libfreertos_kernel_port.a(port.c.obj)
 .comment       0x00000026       0x27 FreeRTOS-Kernel/portable/libfreertos_kernel_port.a(exception.c.obj)
 .comment       0x00000026       0x27 FreeRTOS-Kernel/libfreertos_kernel.a(event_groups.c.obj)
 .comment       0x00000026       0x33 /usr/lib/gcc/arm-none-eabi/12.2.1/../../../arm-none-eabi/lib/thumb/v6-m/nofp/libg.a(lib_a-strlen-stub.o)
                                 0x34 (size before relaxing)
 .comment       0x00000059       0x27 /usr/lib/gcc/arm-none-eabi/12.2.1/thumb/v6-m/nofp/crtend.o

.debug_info     0x00000000    0x1bf8e
 .debug_info    0x00000000      0x8da CMakeFiles/RtosPico.dir/RtosPico.c.obj
 .debug_info    0x000008da     0x17d1 CMakeFiles/RtosPico.dir/home/wjl/pico/pico-sdk/src/rp2_common/hardware_gpio/gpio.c.obj
 .debug_info    0x000020ab      0x1e3 CMakeFiles/RtosPico.dir/home/wjl/pico/pico-sdk/src/rp2_common/pico_platform/platform.c.obj
 .debug_info    0x0000228e      0x682 CMakeFiles/RtosPico.dir/home/wjl/pico/pico-sdk/src/rp2_common/hardware_claim/claim.c.obj
 .debug_info    0x00002910      0x5c3 CMakeFiles/RtosPico.dir/home/wjl/pico/pico-sdk/src/rp2_common/hardware_sync/sync.c.obj
 .debug_info    0x00002ed3     0x1bc3 CMakeFiles/RtosPico.dir/home/wjl/pico/pico-sdk/src/rp2_common/hardware_irq/irq.c.obj
 .debug_info    0x00004a96      0x197 CMakeFiles/RtosPico.dir/home/wjl/pico/pico-sdk/src/common/pico_sync/lock_core.c.obj
 .debug_info    0x00004c2d     0x1ce9 CMakeFiles/RtosPico.dir/home/wjl/pico/pico-sdk/src/common/pico_sync/mutex.c.obj
 .debug_info    0x00006916     0x33ad CMakeFiles/RtosPico.dir/home/wjl/pico/pico-sdk/src/common/pico_time/time.c.obj
 .debug_info    0x00009cc3     0x13ee CMakeFiles/RtosPico.dir/home/wjl/pico/pico-sdk/src/rp2_common/hardware_timer/timer.c.obj
 .debug_info    0x0000b0b1      0xe63 CMakeFiles/RtosPico.dir/home/wjl/pico/pico-sdk/src/common/pico_util/pheap.c.obj
 .debug_info    0x0000bf14      0xd74 CMakeFiles/RtosPico.dir/home/wjl/pico/pico-sdk/src/rp2_common/hardware_uart/uart.c.obj
 .debug_info    0x0000cc88      0xfb7 CMakeFiles/RtosPico.dir/home/wjl/pico/pico-sdk/src/rp2_common/hardware_clocks/clocks.c.obj
 .debug_info    0x0000dc3f      0x4ed CMakeFiles/RtosPico.dir/home/wjl/pico/pico-sdk/src/rp2_common/hardware_pll/pll.c.obj
 .debug_info    0x0000e12c      0x4c5 CMakeFiles/RtosPico.dir/home/wjl/pico/pico-sdk/src/rp2_common/hardware_watchdog/watchdog.c.obj
 .debug_info    0x0000e5f1      0x1af CMakeFiles/RtosPico.dir/home/wjl/pico/pico-sdk/src/rp2_common/hardware_xosc/xosc.c.obj
 .debug_info    0x0000e7a0      0xf17 CMakeFiles/RtosPico.dir/home/wjl/pico/pico-sdk/src/rp2_common/pico_runtime/runtime.c.obj
 .debug_info    0x0000f6b7     0x198a CMakeFiles/RtosPico.dir/home/wjl/pico/pico-sdk/src/rp2_common/pico_printf/printf.c.obj
 .debug_info    0x00011041       0x23 CMakeFiles/RtosPico.dir/home/wjl/pico/pico-sdk/src/rp2_common/pico_bit_ops/bit_ops_aeabi.S.obj
 .debug_info    0x00011064      0x301 CMakeFiles/RtosPico.dir/home/wjl/pico/pico-sdk/src/rp2_common/pico_bootrom/bootrom.c.obj
 .debug_info    0x00011365       0x23 CMakeFiles/RtosPico.dir/home/wjl/pico/pico-sdk/src/rp2_common/pico_divider/divider.S.obj
 .debug_info    0x00011388       0x23 CMakeFiles/RtosPico.dir/home/wjl/pico/pico-sdk/src/rp2_common/pico_double/double_aeabi.S.obj
 .debug_info    0x000113ab      0x30b CMakeFiles/RtosPico.dir/home/wjl/pico/pico-sdk/src/rp2_common/pico_double/double_init_rom.c.obj
 .debug_info    0x000116b6       0x23 CMakeFiles/RtosPico.dir/home/wjl/pico/pico-sdk/src/rp2_common/pico_double/double_v1_rom_shim.S.obj